--------------------------------------------------------------------------------
model_class: vit_small_patch16_224.augreg_in1k
train_frac: 1
use_val: False
method: aft
steps: 5000
eval_steps: 500
prec: 10
pretrained_models: vit_base_patch14_dinov2.lvd142m
init_model: vit_small_patch16_224.augreg_in1k
optimizer: adam
lr: 0.0001
wd: 0
learn_scales: True
prior_lr: 0.01
prior_freq: 1
prior_pretrain_steps: 0
ckpt_dir: None
seed: 2
use_wandb: False
run_name: None
no_augment: True
cache: False
batch_size: 128
dataset: cifar100
kwargs: {}
--------------------------------------------------------------------------------
Train transform:
Compose(
    Resize(size=248, interpolation=bicubic, max_size=None, antialias=warn)
    CenterCrop(size=(224, 224))
    MaybeToTensor()
    Normalize(mean=tensor([0.5000, 0.5000, 0.5000]), std=tensor([0.5000, 0.5000, 0.5000]))
)
Test transform:
Compose(
    Resize(size=248, interpolation=bicubic, max_size=None, antialias=warn)
    CenterCrop(size=(224, 224))
    MaybeToTensor()
    Normalize(mean=tensor([0.5000, 0.5000, 0.5000]), std=tensor([0.5000, 0.5000, 0.5000]))
)
Files already downloaded and verified
Files already downloaded and verified
Training set size: 50000
Validation set size: 0
Train transform:
Compose(
    Resize(size=248, interpolation=bicubic, max_size=None, antialias=warn)
    CenterCrop(size=(224, 224))
    MaybeToTensor()
    Normalize(mean=tensor([0.5000, 0.5000, 0.5000]), std=tensor([0.5000, 0.5000, 0.5000]))
)
Test transform:
Compose(
    Resize(size=248, interpolation=bicubic, max_size=None, antialias=warn)
    CenterCrop(size=(224, 224))
    MaybeToTensor()
    Normalize(mean=tensor([0.5000, 0.5000, 0.5000]), std=tensor([0.5000, 0.5000, 0.5000]))
)
Files already downloaded and verified
Files already downloaded and verified
Pretrained models: ['vit_base_patch14_dinov2.lvd142m']
Feature dims: [768]
Feature dataset: torch.Size([50000, 768])
Feature dims: [768]
Feature dataset: torch.Size([0, 768])
Feature dims: [768]
Feature dataset: torch.Size([10000, 768])
Init model: vit_small_patch16_224.augreg_in1k
Using timm pretrained model
KernelPrior: params / constraints = 6.1e-07
Trainable parameters: 22M
Optimizer: adam
Not loading: ['classifier.weight', 'classifier.bias']
K
tensor([[ 1.0000,  0.0543, -0.0567, -0.0743, -0.0398],
        [ 0.0543,  1.0000,  0.4872,  0.0286, -0.0783],
        [-0.0567,  0.4872,  1.0000,  0.0361, -0.0036],
        [-0.0743,  0.0286,  0.0361,  1.0000, -0.0222],
        [-0.0398, -0.0783, -0.0036, -0.0222,  1.0000]])
target K
tensor([[ 1.0000,  0.1370,  0.0036,  0.0331, -0.0903],
        [ 0.1370,  1.0000,  0.2419,  0.1471, -0.0281],
        [ 0.0036,  0.2419,  1.0000,  0.0724, -0.0146],
        [ 0.0331,  0.1471,  0.0724,  1.0000, -0.0766],
        [-0.0903, -0.0281, -0.0146, -0.0766,  1.0000]])
scales: 0.48 +- 0.07
dk: 0.068
K
tensor([[ 1.0000, -0.0625,  0.1004, -0.0172, -0.0201],
        [-0.0625,  1.0000, -0.0683,  0.0140, -0.0452],
        [ 0.1004, -0.0683,  1.0000,  0.0167, -0.0357],
        [-0.0172,  0.0140,  0.0167,  1.0000, -0.1006],
        [-0.0201, -0.0452, -0.0357, -0.1006,  1.0000]])
target K
tensor([[ 1.0000,  0.0193,  0.0815, -0.0167, -0.1007],
        [ 0.0193,  1.0000, -0.0266, -0.0536, -0.0052],
        [ 0.0815, -0.0266,  1.0000, -0.0660, -0.0394],
        [-0.0167, -0.0536, -0.0660,  1.0000, -0.0811],
        [-0.1007, -0.0052, -0.0394, -0.0811,  1.0000]])
scales: 0.49 +- 0.06
dk: 0.063
K
tensor([[ 1.0000, -0.0892, -0.0191,  0.0658, -0.0335],
        [-0.0892,  1.0000, -0.0120, -0.0930,  0.0162],
        [-0.0191, -0.0120,  1.0000, -0.0256, -0.0052],
        [ 0.0658, -0.0930, -0.0256,  1.0000, -0.0960],
        [-0.0335,  0.0162, -0.0052, -0.0960,  1.0000]])
target K
tensor([[ 1.0000,  0.0061, -0.0277, -0.0074, -0.0024],
        [ 0.0061,  1.0000, -0.0360, -0.0795, -0.0808],
        [-0.0277, -0.0360,  1.0000, -0.0232, -0.0362],
        [-0.0074, -0.0795, -0.0232,  1.0000, -0.0626],
        [-0.0024, -0.0808, -0.0362, -0.0626,  1.0000]])
scales: 0.49 +- 0.06
dk: 0.062
K
tensor([[ 1.0000, -0.0932, -0.0057, -0.0310, -0.0620],
        [-0.0932,  1.0000, -0.0641,  0.0237, -0.0333],
        [-0.0057, -0.0641,  1.0000, -0.0510,  0.0251],
        [-0.0310,  0.0237, -0.0510,  1.0000, -0.1067],
        [-0.0620, -0.0333,  0.0251, -0.1067,  1.0000]])
target K
tensor([[ 1.0000, -0.0709,  0.0336,  0.0078, -0.0385],
        [-0.0709,  1.0000, -0.0719, -0.0024, -0.0323],
        [ 0.0336, -0.0719,  1.0000, -0.1017, -0.0494],
        [ 0.0078, -0.0024, -0.1017,  1.0000, -0.0436],
        [-0.0385, -0.0323, -0.0494, -0.0436,  1.0000]])
scales: 0.49 +- 0.06
dk: 0.057
K
tensor([[ 1.0000, -0.0184, -0.0012,  0.0279, -0.0203],
        [-0.0184,  1.0000,  0.0502, -0.0053, -0.0254],
        [-0.0012,  0.0502,  1.0000,  0.1315, -0.0993],
        [ 0.0279, -0.0053,  0.1315,  1.0000, -0.0107],
        [-0.0203, -0.0254, -0.0993, -0.0107,  1.0000]])
target K
tensor([[ 1.0000e+00, -1.9347e-02, -8.4651e-02,  1.2077e-04, -2.8094e-02],
        [-1.9347e-02,  1.0000e+00,  8.2318e-02, -7.1869e-02, -6.6674e-02],
        [-8.4651e-02,  8.2318e-02,  1.0000e+00,  1.8059e-01, -6.0784e-03],
        [ 1.2077e-04, -7.1869e-02,  1.8059e-01,  1.0000e+00, -9.1399e-04],
        [-2.8094e-02, -6.6674e-02, -6.0784e-03, -9.1399e-04,  1.0000e+00]])
scales: 0.49 +- 0.06
dk: 0.056
K
tensor([[ 1.0000e+00,  3.2120e-03, -2.4734e-02, -4.6705e-03, -2.7630e-02],
        [ 3.2120e-03,  1.0000e+00, -4.1068e-02,  5.3887e-02,  2.4268e-02],
        [-2.4734e-02, -4.1068e-02,  1.0000e+00,  3.9063e-04,  1.8944e-01],
        [-4.6705e-03,  5.3887e-02,  3.9063e-04,  1.0000e+00, -8.4241e-02],
        [-2.7630e-02,  2.4268e-02,  1.8944e-01, -8.4241e-02,  1.0000e+00]])
target K
tensor([[ 1.0000, -0.0237, -0.0412, -0.0253, -0.1266],
        [-0.0237,  1.0000, -0.0020, -0.0148, -0.0040],
        [-0.0412, -0.0020,  1.0000, -0.0625,  0.2064],
        [-0.0253, -0.0148, -0.0625,  1.0000,  0.0150],
        [-0.1266, -0.0040,  0.2064,  0.0150,  1.0000]])
scales: 0.49 +- 0.07
dk: 0.053
K
tensor([[ 1.0000e+00,  6.9607e-04,  7.6908e-02, -2.3388e-02,  7.4719e-02],
        [ 6.9607e-04,  1.0000e+00,  3.4569e-02,  3.7153e-02, -1.9111e-02],
        [ 7.6908e-02,  3.4569e-02,  1.0000e+00,  1.8229e-02, -2.4575e-02],
        [-2.3388e-02,  3.7153e-02,  1.8229e-02,  1.0000e+00,  7.3215e-01],
        [ 7.4719e-02, -1.9111e-02, -2.4575e-02,  7.3215e-01,  1.0000e+00]])
target K
tensor([[ 1.0000, -0.0241,  0.0448,  0.0662,  0.0075],
        [-0.0241,  1.0000, -0.0251,  0.0352, -0.0457],
        [ 0.0448, -0.0251,  1.0000,  0.0287, -0.0139],
        [ 0.0662,  0.0352,  0.0287,  1.0000,  0.4812],
        [ 0.0075, -0.0457, -0.0139,  0.4812,  1.0000]])
scales: 0.49 +- 0.07
dk: 0.053
K
tensor([[ 1.0000e+00,  7.4057e-02,  1.0350e-02, -3.4920e-02, -5.1557e-02],
        [ 7.4057e-02,  1.0000e+00, -1.7663e-02, -2.1558e-02, -6.1924e-03],
        [ 1.0350e-02, -1.7663e-02,  1.0000e+00, -4.7508e-03,  3.9795e-05],
        [-3.4920e-02, -2.1558e-02, -4.7508e-03,  1.0000e+00, -1.9642e-06],
        [-5.1557e-02, -6.1924e-03,  3.9795e-05, -1.9642e-06,  1.0000e+00]])
target K
tensor([[ 1.0000,  0.0306, -0.0542,  0.0211, -0.0863],
        [ 0.0306,  1.0000, -0.0505,  0.0533, -0.0391],
        [-0.0542, -0.0505,  1.0000, -0.0669, -0.0336],
        [ 0.0211,  0.0533, -0.0669,  1.0000,  0.0071],
        [-0.0863, -0.0391, -0.0336,  0.0071,  1.0000]])
scales: 0.49 +- 0.07
dk: 0.052
K
tensor([[ 1.0000, -0.0064,  0.3492, -0.0976, -0.0430],
        [-0.0064,  1.0000,  0.0460,  0.0462,  0.0258],
        [ 0.3492,  0.0460,  1.0000,  0.0435, -0.1035],
        [-0.0976,  0.0462,  0.0435,  1.0000,  0.1073],
        [-0.0430,  0.0258, -0.1035,  0.1073,  1.0000]])
target K
tensor([[ 1.0000, -0.0336,  0.1195, -0.0324,  0.0190],
        [-0.0336,  1.0000, -0.0262,  0.0618, -0.0049],
        [ 0.1195, -0.0262,  1.0000,  0.0269,  0.0275],
        [-0.0324,  0.0618,  0.0269,  1.0000,  0.1905],
        [ 0.0190, -0.0049,  0.0275,  0.1905,  1.0000]])
scales: 0.49 +- 0.07
dk: 0.051
K
tensor([[ 1.0000, -0.0718,  0.0317, -0.0334, -0.0318],
        [-0.0718,  1.0000, -0.0751,  0.0207, -0.0314],
        [ 0.0317, -0.0751,  1.0000, -0.0286,  0.0018],
        [-0.0334,  0.0207, -0.0286,  1.0000,  0.0884],
        [-0.0318, -0.0314,  0.0018,  0.0884,  1.0000]])
target K
tensor([[ 1.0000, -0.0465,  0.0165,  0.0407, -0.0096],
        [-0.0465,  1.0000, -0.0856, -0.0024, -0.0574],
        [ 0.0165, -0.0856,  1.0000,  0.0843, -0.0218],
        [ 0.0407, -0.0024,  0.0843,  1.0000,  0.0334],
        [-0.0096, -0.0574, -0.0218,  0.0334,  1.0000]])
scales: 0.49 +- 0.07
dk: 0.052
Finished training, evaluating...
Final test acc: 88.540
