--------------------------------------------------------------------------------
model_class: vit_small_patch16_224.augreg_in1k
train_frac: 1
use_val: False
method: aft
steps: 5000
eval_steps: 500
prec: 10
pretrained_models: vit_base_patch14_dinov2.lvd142m
init_model: vit_small_patch16_224.augreg_in1k
optimizer: adam
lr: 0.0001
wd: 0
learn_scales: True
prior_lr: 0.01
prior_freq: 1
prior_pretrain_steps: 0
ckpt_dir: None
seed: 0
use_wandb: False
run_name: None
no_augment: True
cache: False
batch_size: 128
dataset: cifar100
kwargs: {}
--------------------------------------------------------------------------------
Train transform:
Compose(
    Resize(size=248, interpolation=bicubic, max_size=None, antialias=warn)
    CenterCrop(size=(224, 224))
    MaybeToTensor()
    Normalize(mean=tensor([0.5000, 0.5000, 0.5000]), std=tensor([0.5000, 0.5000, 0.5000]))
)
Test transform:
Compose(
    Resize(size=248, interpolation=bicubic, max_size=None, antialias=warn)
    CenterCrop(size=(224, 224))
    MaybeToTensor()
    Normalize(mean=tensor([0.5000, 0.5000, 0.5000]), std=tensor([0.5000, 0.5000, 0.5000]))
)
Files already downloaded and verified
Files already downloaded and verified
Training set size: 50000
Validation set size: 0
Train transform:
Compose(
    Resize(size=248, interpolation=bicubic, max_size=None, antialias=warn)
    CenterCrop(size=(224, 224))
    MaybeToTensor()
    Normalize(mean=tensor([0.5000, 0.5000, 0.5000]), std=tensor([0.5000, 0.5000, 0.5000]))
)
Test transform:
Compose(
    Resize(size=248, interpolation=bicubic, max_size=None, antialias=warn)
    CenterCrop(size=(224, 224))
    MaybeToTensor()
    Normalize(mean=tensor([0.5000, 0.5000, 0.5000]), std=tensor([0.5000, 0.5000, 0.5000]))
)
Files already downloaded and verified
Files already downloaded and verified
Pretrained models: ['vit_base_patch14_dinov2.lvd142m']
Feature dims: [768]
Feature dataset: torch.Size([50000, 768])
Feature dims: [768]
Feature dataset: torch.Size([0, 768])
Feature dims: [768]
Feature dataset: torch.Size([10000, 768])
Init model: vit_small_patch16_224.augreg_in1k
Using timm pretrained model
KernelPrior: params / constraints = 6.1e-07
Trainable parameters: 22M
Optimizer: adam
Not loading: ['classifier.weight', 'classifier.bias']
K
tensor([[ 1.0000e+00, -1.3327e-01,  1.2879e-02,  2.0007e-02, -4.8694e-02],
        [-1.3327e-01,  1.0000e+00, -6.3613e-02, -9.9665e-02, -1.4859e-02],
        [ 1.2879e-02, -6.3613e-02,  1.0000e+00, -2.5889e-02,  2.4841e-04],
        [ 2.0007e-02, -9.9665e-02, -2.5889e-02,  1.0000e+00, -3.8505e-02],
        [-4.8694e-02, -1.4859e-02,  2.4841e-04, -3.8505e-02,  1.0000e+00]])
target K
tensor([[ 1.0000, -0.0309, -0.0557, -0.0342, -0.0191],
        [-0.0309,  1.0000, -0.0625, -0.0589,  0.0164],
        [-0.0557, -0.0625,  1.0000,  0.0173, -0.0960],
        [-0.0342, -0.0589,  0.0173,  1.0000,  0.0436],
        [-0.0191,  0.0164, -0.0960,  0.0436,  1.0000]])
scales: 0.48 +- 0.07
dk: 0.066
K
tensor([[ 1.0000,  0.0029, -0.0132, -0.0217,  0.0041],
        [ 0.0029,  1.0000, -0.0574,  0.0124, -0.0433],
        [-0.0132, -0.0574,  1.0000,  0.0608, -0.1003],
        [-0.0217,  0.0124,  0.0608,  1.0000, -0.0552],
        [ 0.0041, -0.0433, -0.1003, -0.0552,  1.0000]])
target K
tensor([[ 1.0000, -0.0597, -0.0311, -0.1078,  0.0371],
        [-0.0597,  1.0000, -0.0098, -0.0860, -0.0275],
        [-0.0311, -0.0098,  1.0000, -0.0047, -0.0733],
        [-0.1078, -0.0860, -0.0047,  1.0000, -0.0016],
        [ 0.0371, -0.0275, -0.0733, -0.0016,  1.0000]])
scales: 0.49 +- 0.06
dk: 0.062
K
tensor([[ 1.0000, -0.0312,  0.0115,  0.0328, -0.0184],
        [-0.0312,  1.0000, -0.0585, -0.0233,  0.0760],
        [ 0.0115, -0.0585,  1.0000,  0.0659, -0.0200],
        [ 0.0328, -0.0233,  0.0659,  1.0000, -0.0056],
        [-0.0184,  0.0760, -0.0200, -0.0056,  1.0000]])
target K
tensor([[ 1.0000, -0.0245, -0.0105,  0.0326, -0.0139],
        [-0.0245,  1.0000,  0.0815, -0.0249,  0.0838],
        [-0.0105,  0.0815,  1.0000,  0.0307,  0.0030],
        [ 0.0326, -0.0249,  0.0307,  1.0000, -0.0380],
        [-0.0139,  0.0838,  0.0030, -0.0380,  1.0000]])
scales: 0.49 +- 0.06
dk: 0.057
K
tensor([[ 1.0000, -0.0859,  0.0520,  0.0551,  0.0588],
        [-0.0859,  1.0000, -0.0487, -0.0230, -0.0586],
        [ 0.0520, -0.0487,  1.0000,  0.0075, -0.0232],
        [ 0.0551, -0.0230,  0.0075,  1.0000,  0.8806],
        [ 0.0588, -0.0586, -0.0232,  0.8806,  1.0000]])
target K
tensor([[ 1.0000, -0.0091,  0.0501,  0.0673,  0.0957],
        [-0.0091,  1.0000,  0.0292, -0.0611, -0.0582],
        [ 0.0501,  0.0292,  1.0000, -0.0541,  0.0352],
        [ 0.0673, -0.0611, -0.0541,  1.0000,  0.6399],
        [ 0.0957, -0.0582,  0.0352,  0.6399,  1.0000]])
scales: 0.49 +- 0.06
dk: 0.056
K
tensor([[ 1.0000,  0.0212, -0.0026,  0.0773, -0.0172],
        [ 0.0212,  1.0000, -0.0917,  0.0183,  0.0029],
        [-0.0026, -0.0917,  1.0000, -0.0771,  0.0260],
        [ 0.0773,  0.0183, -0.0771,  1.0000, -0.0180],
        [-0.0172,  0.0029,  0.0260, -0.0180,  1.0000]])
target K
tensor([[ 1.0000,  0.0251,  0.0275,  0.0805,  0.0554],
        [ 0.0251,  1.0000, -0.0340,  0.0111, -0.0509],
        [ 0.0275, -0.0340,  1.0000, -0.0375,  0.1250],
        [ 0.0805,  0.0111, -0.0375,  1.0000, -0.0303],
        [ 0.0554, -0.0509,  0.1250, -0.0303,  1.0000]])
scales: 0.49 +- 0.06
dk: 0.054
K
tensor([[ 1.0000e+00,  6.4602e-04, -2.5763e-03, -6.7134e-02, -1.6660e-02],
        [ 6.4602e-04,  1.0000e+00, -6.4930e-02, -4.5294e-02, -1.6365e-02],
        [-2.5763e-03, -6.4930e-02,  1.0000e+00, -1.3792e-02, -6.6750e-02],
        [-6.7134e-02, -4.5294e-02, -1.3792e-02,  1.0000e+00, -4.3693e-02],
        [-1.6660e-02, -1.6365e-02, -6.6750e-02, -4.3693e-02,  1.0000e+00]])
target K
tensor([[ 1.0000, -0.0685, -0.0150,  0.0112, -0.0720],
        [-0.0685,  1.0000, -0.0235, -0.0045,  0.0091],
        [-0.0150, -0.0235,  1.0000, -0.0070, -0.0861],
        [ 0.0112, -0.0045, -0.0070,  1.0000, -0.0297],
        [-0.0720,  0.0091, -0.0861, -0.0297,  1.0000]])
scales: 0.49 +- 0.07
dk: 0.053
K
tensor([[ 1.0000, -0.0075, -0.1142, -0.0944, -0.1076],
        [-0.0075,  1.0000, -0.0081,  0.0313,  0.0265],
        [-0.1142, -0.0081,  1.0000,  0.0150, -0.0529],
        [-0.0944,  0.0313,  0.0150,  1.0000,  0.1187],
        [-0.1076,  0.0265, -0.0529,  0.1187,  1.0000]])
target K
tensor([[ 1.0000, -0.0261, -0.0905, -0.1140, -0.0371],
        [-0.0261,  1.0000, -0.0827,  0.0395, -0.0655],
        [-0.0905, -0.0827,  1.0000, -0.0226, -0.0791],
        [-0.1140,  0.0395, -0.0226,  1.0000,  0.0386],
        [-0.0371, -0.0655, -0.0791,  0.0386,  1.0000]])
scales: 0.49 +- 0.07
dk: 0.053
K
tensor([[ 1.0000e+00, -5.4298e-02,  2.5051e-02, -7.2807e-02, -4.4825e-02],
        [-5.4298e-02,  1.0000e+00, -6.1702e-02,  4.9465e-03, -4.0537e-02],
        [ 2.5051e-02, -6.1702e-02,  1.0000e+00, -4.2019e-02, -2.9339e-02],
        [-7.2807e-02,  4.9465e-03, -4.2019e-02,  1.0000e+00, -4.9546e-04],
        [-4.4825e-02, -4.0537e-02, -2.9339e-02, -4.9546e-04,  1.0000e+00]])
target K
tensor([[ 1.0000e+00, -7.6059e-02,  3.4178e-02, -4.9849e-02, -4.3971e-02],
        [-7.6059e-02,  1.0000e+00, -6.7606e-02, -5.1839e-04,  3.3333e-02],
        [ 3.4178e-02, -6.7606e-02,  1.0000e+00, -6.1213e-03, -7.0732e-02],
        [-4.9849e-02, -5.1839e-04, -6.1213e-03,  1.0000e+00,  4.4489e-02],
        [-4.3971e-02,  3.3333e-02, -7.0732e-02,  4.4489e-02,  1.0000e+00]])
scales: 0.49 +- 0.07
dk: 0.054
K
tensor([[ 1.0000, -0.0222, -0.0083, -0.0591, -0.0271],
        [-0.0222,  1.0000, -0.0548, -0.0538, -0.0551],
        [-0.0083, -0.0548,  1.0000, -0.0848, -0.0170],
        [-0.0591, -0.0538, -0.0848,  1.0000,  0.0106],
        [-0.0271, -0.0551, -0.0170,  0.0106,  1.0000]])
target K
tensor([[ 1.0000,  0.0267, -0.0223, -0.0481,  0.0186],
        [ 0.0267,  1.0000, -0.0056,  0.0086, -0.0142],
        [-0.0223, -0.0056,  1.0000, -0.0697, -0.0081],
        [-0.0481,  0.0086, -0.0697,  1.0000, -0.0733],
        [ 0.0186, -0.0142, -0.0081, -0.0733,  1.0000]])
scales: 0.49 +- 0.07
dk: 0.051
K
tensor([[ 1.0000,  0.0537, -0.0468,  0.0058, -0.0759],
        [ 0.0537,  1.0000, -0.0261,  0.0755,  0.5252],
        [-0.0468, -0.0261,  1.0000, -0.0506, -0.0152],
        [ 0.0058,  0.0755, -0.0506,  1.0000,  0.0022],
        [-0.0759,  0.5252, -0.0152,  0.0022,  1.0000]])
target K
tensor([[ 1.0000,  0.0306, -0.0326, -0.0083, -0.0747],
        [ 0.0306,  1.0000, -0.0442, -0.0119,  0.3700],
        [-0.0326, -0.0442,  1.0000, -0.0273, -0.0540],
        [-0.0083, -0.0119, -0.0273,  1.0000,  0.0658],
        [-0.0747,  0.3700, -0.0540,  0.0658,  1.0000]])
scales: 0.49 +- 0.07
dk: 0.051
Finished training, evaluating...
Final test acc: 88.620
