--------------------------------------------------------------------------------
model_class: vit_small_patch16_224.augreg_in1k
train_frac: 1
use_val: False
method: aft
steps: 5000
eval_steps: 500
prec: 10
pretrained_models: vit_base_patch14_dinov2.lvd142m
init_model: vit_small_patch16_224.augreg_in1k
optimizer: adam
lr: 0.0001
wd: 0
learn_scales: True
prior_lr: 0.01
prior_freq: 1
prior_pretrain_steps: 0
ckpt_dir: None
seed: 1
use_wandb: False
run_name: None
no_augment: True
cache: False
batch_size: 128
dataset: cifar100
kwargs: {}
--------------------------------------------------------------------------------
Train transform:
Compose(
    Resize(size=248, interpolation=bicubic, max_size=None, antialias=warn)
    CenterCrop(size=(224, 224))
    MaybeToTensor()
    Normalize(mean=tensor([0.5000, 0.5000, 0.5000]), std=tensor([0.5000, 0.5000, 0.5000]))
)
Test transform:
Compose(
    Resize(size=248, interpolation=bicubic, max_size=None, antialias=warn)
    CenterCrop(size=(224, 224))
    MaybeToTensor()
    Normalize(mean=tensor([0.5000, 0.5000, 0.5000]), std=tensor([0.5000, 0.5000, 0.5000]))
)
Files already downloaded and verified
Files already downloaded and verified
Training set size: 50000
Validation set size: 0
Train transform:
Compose(
    Resize(size=248, interpolation=bicubic, max_size=None, antialias=warn)
    CenterCrop(size=(224, 224))
    MaybeToTensor()
    Normalize(mean=tensor([0.5000, 0.5000, 0.5000]), std=tensor([0.5000, 0.5000, 0.5000]))
)
Test transform:
Compose(
    Resize(size=248, interpolation=bicubic, max_size=None, antialias=warn)
    CenterCrop(size=(224, 224))
    MaybeToTensor()
    Normalize(mean=tensor([0.5000, 0.5000, 0.5000]), std=tensor([0.5000, 0.5000, 0.5000]))
)
Files already downloaded and verified
Files already downloaded and verified
Pretrained models: ['vit_base_patch14_dinov2.lvd142m']
Feature dims: [768]
Feature dataset: torch.Size([50000, 768])
Feature dims: [768]
Feature dataset: torch.Size([0, 768])
Feature dims: [768]
Feature dataset: torch.Size([10000, 768])
Init model: vit_small_patch16_224.augreg_in1k
Using timm pretrained model
KernelPrior: params / constraints = 6.1e-07
Trainable parameters: 22M
Optimizer: adam
Not loading: ['classifier.weight', 'classifier.bias']
K
tensor([[ 1.0000,  0.0124, -0.0570, -0.0027, -0.0917],
        [ 0.0124,  1.0000, -0.0311,  0.0284, -0.0895],
        [-0.0570, -0.0311,  1.0000,  0.0295,  0.0124],
        [-0.0027,  0.0284,  0.0295,  1.0000, -0.1225],
        [-0.0917, -0.0895,  0.0124, -0.1225,  1.0000]])
target K
tensor([[ 1.0000,  0.0356,  0.0064,  0.0084, -0.0147],
        [ 0.0356,  1.0000, -0.0724,  0.0372,  0.0311],
        [ 0.0064, -0.0724,  1.0000, -0.0508,  0.0393],
        [ 0.0084,  0.0372, -0.0508,  1.0000, -0.0609],
        [-0.0147,  0.0311,  0.0393, -0.0609,  1.0000]])
scales: 0.48 +- 0.07
dk: 0.068
K
tensor([[ 1.0000,  0.0148, -0.0284, -0.0894, -0.0082],
        [ 0.0148,  1.0000,  0.0252, -0.0578,  0.0137],
        [-0.0284,  0.0252,  1.0000,  0.0374,  0.0178],
        [-0.0894, -0.0578,  0.0374,  1.0000, -0.0403],
        [-0.0082,  0.0137,  0.0178, -0.0403,  1.0000]])
target K
tensor([[ 1.0000,  0.0253, -0.0484,  0.0156,  0.0020],
        [ 0.0253,  1.0000,  0.0038,  0.0476,  0.0440],
        [-0.0484,  0.0038,  1.0000, -0.0104, -0.0402],
        [ 0.0156,  0.0476, -0.0104,  1.0000, -0.0083],
        [ 0.0020,  0.0440, -0.0402, -0.0083,  1.0000]])
scales: 0.49 +- 0.06
dk: 0.062
K
tensor([[ 1.0000, -0.0796,  0.3599,  0.0310,  0.2685],
        [-0.0796,  1.0000, -0.0907,  0.0090,  0.0118],
        [ 0.3599, -0.0907,  1.0000,  0.0226,  0.2184],
        [ 0.0310,  0.0090,  0.0226,  1.0000,  0.0608],
        [ 0.2685,  0.0118,  0.2184,  0.0608,  1.0000]])
target K
tensor([[ 1.0000e+00,  6.2599e-02,  2.1623e-01,  1.4988e-02,  5.6740e-01],
        [ 6.2599e-02,  1.0000e+00,  3.2910e-02, -2.0141e-04,  3.8650e-02],
        [ 2.1623e-01,  3.2910e-02,  1.0000e+00,  2.3970e-02,  3.0874e-01],
        [ 1.4988e-02, -2.0141e-04,  2.3970e-02,  1.0000e+00,  5.5906e-02],
        [ 5.6740e-01,  3.8650e-02,  3.0874e-01,  5.5906e-02,  1.0000e+00]])
scales: 0.49 +- 0.06
dk: 0.059
K
tensor([[ 1.0000, -0.0181,  0.0156,  0.0998,  0.0149],
        [-0.0181,  1.0000, -0.0203, -0.0395, -0.0643],
        [ 0.0156, -0.0203,  1.0000, -0.0149, -0.0669],
        [ 0.0998, -0.0395, -0.0149,  1.0000, -0.0581],
        [ 0.0149, -0.0643, -0.0669, -0.0581,  1.0000]])
target K
tensor([[ 1.0000, -0.0025, -0.0027, -0.0148, -0.0199],
        [-0.0025,  1.0000, -0.0297, -0.0848, -0.0770],
        [-0.0027, -0.0297,  1.0000, -0.0344, -0.0029],
        [-0.0148, -0.0848, -0.0344,  1.0000, -0.0235],
        [-0.0199, -0.0770, -0.0029, -0.0235,  1.0000]])
scales: 0.49 +- 0.06
dk: 0.057
K
tensor([[ 1.0000, -0.0634,  0.0351,  0.0165,  0.0031],
        [-0.0634,  1.0000, -0.0273, -0.0324,  0.0075],
        [ 0.0351, -0.0273,  1.0000,  0.0630, -0.0329],
        [ 0.0165, -0.0324,  0.0630,  1.0000,  0.0019],
        [ 0.0031,  0.0075, -0.0329,  0.0019,  1.0000]])
target K
tensor([[ 1.0000e+00, -5.3346e-02,  6.7281e-03, -8.3683e-03, -2.9572e-02],
        [-5.3346e-02,  1.0000e+00,  3.0369e-02,  9.7502e-04, -3.8223e-02],
        [ 6.7281e-03,  3.0369e-02,  1.0000e+00,  6.9777e-02, -3.0695e-02],
        [-8.3683e-03,  9.7502e-04,  6.9777e-02,  1.0000e+00,  1.9764e-02],
        [-2.9572e-02, -3.8223e-02, -3.0695e-02,  1.9764e-02,  1.0000e+00]])
scales: 0.49 +- 0.06
dk: 0.053
K
tensor([[ 1.0000,  0.0126, -0.0294, -0.0549,  0.0256],
        [ 0.0126,  1.0000,  0.0239, -0.0729, -0.0165],
        [-0.0294,  0.0239,  1.0000, -0.0269, -0.0489],
        [-0.0549, -0.0729, -0.0269,  1.0000, -0.0605],
        [ 0.0256, -0.0165, -0.0489, -0.0605,  1.0000]])
target K
tensor([[ 1.0000, -0.0088, -0.0152,  0.0054,  0.0263],
        [-0.0088,  1.0000, -0.0515, -0.0867, -0.0488],
        [-0.0152, -0.0515,  1.0000, -0.0262, -0.0368],
        [ 0.0054, -0.0867, -0.0262,  1.0000, -0.0224],
        [ 0.0263, -0.0488, -0.0368, -0.0224,  1.0000]])
scales: 0.49 +- 0.07
dk: 0.052
K
tensor([[ 1.0000, -0.0882,  0.4936,  0.0123, -0.0063],
        [-0.0882,  1.0000, -0.1258, -0.0325,  0.0850],
        [ 0.4936, -0.1258,  1.0000,  0.0320, -0.0708],
        [ 0.0123, -0.0325,  0.0320,  1.0000,  0.0571],
        [-0.0063,  0.0850, -0.0708,  0.0571,  1.0000]])
target K
tensor([[ 1.0000, -0.0753,  0.2888,  0.0290, -0.0480],
        [-0.0753,  1.0000, -0.1289, -0.0307,  0.0394],
        [ 0.2888, -0.1289,  1.0000, -0.0012, -0.0249],
        [ 0.0290, -0.0307, -0.0012,  1.0000,  0.0141],
        [-0.0480,  0.0394, -0.0249,  0.0141,  1.0000]])
scales: 0.49 +- 0.07
dk: 0.053
K
tensor([[ 1.0000,  0.0279, -0.0057,  0.0226, -0.0307],
        [ 0.0279,  1.0000, -0.0618,  0.0564, -0.0336],
        [-0.0057, -0.0618,  1.0000, -0.0081,  0.0205],
        [ 0.0226,  0.0564, -0.0081,  1.0000, -0.0462],
        [-0.0307, -0.0336,  0.0205, -0.0462,  1.0000]])
target K
tensor([[ 1.0000,  0.0451, -0.0187,  0.0516, -0.0208],
        [ 0.0451,  1.0000,  0.0070,  0.0069, -0.0197],
        [-0.0187,  0.0070,  1.0000, -0.0439, -0.0156],
        [ 0.0516,  0.0069, -0.0439,  1.0000, -0.0563],
        [-0.0208, -0.0197, -0.0156, -0.0563,  1.0000]])
scales: 0.49 +- 0.07
dk: 0.050
K
tensor([[ 1.0000,  0.0129, -0.0217,  0.0266, -0.1371],
        [ 0.0129,  1.0000,  0.0218,  0.0194, -0.0158],
        [-0.0217,  0.0218,  1.0000, -0.0131, -0.0212],
        [ 0.0266,  0.0194, -0.0131,  1.0000,  0.0718],
        [-0.1371, -0.0158, -0.0212,  0.0718,  1.0000]])
target K
tensor([[ 1.0000,  0.0018, -0.0038, -0.0676, -0.0691],
        [ 0.0018,  1.0000, -0.0198, -0.0493,  0.0140],
        [-0.0038, -0.0198,  1.0000,  0.0090,  0.0043],
        [-0.0676, -0.0493,  0.0090,  1.0000,  0.1812],
        [-0.0691,  0.0140,  0.0043,  0.1812,  1.0000]])
scales: 0.49 +- 0.07
dk: 0.050
K
tensor([[ 1.0000,  0.0048,  0.0742, -0.0189, -0.0152],
        [ 0.0048,  1.0000, -0.0643,  0.0307, -0.0388],
        [ 0.0742, -0.0643,  1.0000, -0.0556, -0.0729],
        [-0.0189,  0.0307, -0.0556,  1.0000, -0.0799],
        [-0.0152, -0.0388, -0.0729, -0.0799,  1.0000]])
target K
tensor([[ 1.0000,  0.0225,  0.0175, -0.0358, -0.0820],
        [ 0.0225,  1.0000,  0.0045,  0.0318, -0.0550],
        [ 0.0175,  0.0045,  1.0000, -0.0807, -0.0594],
        [-0.0358,  0.0318, -0.0807,  1.0000, -0.0405],
        [-0.0820, -0.0550, -0.0594, -0.0405,  1.0000]])
scales: 0.49 +- 0.07
dk: 0.051
Finished training, evaluating...
Final test acc: 88.340
