--------------------------------------------------------------------------------
model_class: vit_small_patch16_224.augreg_in1k
train_frac: 1
use_val: False
method: aft
steps: 5000
eval_steps: 500
prec: 10
pretrained_models: resnetv2_50x1_bit.goog_in21k
init_model: vit_small_patch16_224.augreg_in1k
optimizer: adam
lr: 0.0001
wd: 0
learn_scales: True
prior_lr: 0.01
prior_freq: 1
prior_pretrain_steps: 0
ckpt_dir: None
seed: 0
use_wandb: False
run_name: None
no_augment: True
cache: False
batch_size: 128
dataset: cifar100
kwargs: {}
--------------------------------------------------------------------------------
Train transform:
Compose(
    Resize(size=248, interpolation=bicubic, max_size=None, antialias=warn)
    CenterCrop(size=(224, 224))
    MaybeToTensor()
    Normalize(mean=tensor([0.5000, 0.5000, 0.5000]), std=tensor([0.5000, 0.5000, 0.5000]))
)
Test transform:
Compose(
    Resize(size=248, interpolation=bicubic, max_size=None, antialias=warn)
    CenterCrop(size=(224, 224))
    MaybeToTensor()
    Normalize(mean=tensor([0.5000, 0.5000, 0.5000]), std=tensor([0.5000, 0.5000, 0.5000]))
)
Files already downloaded and verified
Files already downloaded and verified
Training set size: 50000
Validation set size: 0
Train transform:
Compose(
    Resize(size=248, interpolation=bicubic, max_size=None, antialias=warn)
    CenterCrop(size=(224, 224))
    MaybeToTensor()
    Normalize(mean=tensor([0.5000, 0.5000, 0.5000]), std=tensor([0.5000, 0.5000, 0.5000]))
)
Test transform:
Compose(
    Resize(size=248, interpolation=bicubic, max_size=None, antialias=warn)
    CenterCrop(size=(224, 224))
    MaybeToTensor()
    Normalize(mean=tensor([0.5000, 0.5000, 0.5000]), std=tensor([0.5000, 0.5000, 0.5000]))
)
Files already downloaded and verified
Files already downloaded and verified
Pretrained models: ['resnetv2_50x1_bit.goog_in21k']
Feature dims: [2048]
Feature dataset: torch.Size([50000, 2048])
Feature dims: [2048]
Feature dataset: torch.Size([0, 2048])
Feature dims: [2048]
Feature dataset: torch.Size([10000, 2048])
Init model: vit_small_patch16_224.augreg_in1k
Using timm pretrained model
KernelPrior: params / constraints = 1.6e-06
Trainable parameters: 22M
Optimizer: adam
Not loading: ['classifier.weight', 'classifier.bias']
K
tensor([[ 1.0000, -0.0151, -0.0335, -0.0199, -0.1701],
        [-0.0151,  1.0000, -0.0676, -0.1260, -0.0852],
        [-0.0335, -0.0676,  1.0000, -0.0239, -0.0483],
        [-0.0199, -0.1260, -0.0239,  1.0000, -0.0432],
        [-0.1701, -0.0852, -0.0483, -0.0432,  1.0000]])
target K
tensor([[ 1.0000,  0.0252, -0.0580, -0.0370, -0.0515],
        [ 0.0252,  1.0000, -0.0296, -0.0844, -0.0830],
        [-0.0580, -0.0296,  1.0000, -0.1170, -0.0124],
        [-0.0370, -0.0844, -0.1170,  1.0000,  0.0257],
        [-0.0515, -0.0830, -0.0124,  0.0257,  1.0000]])
scales: 0.56 +- 0.23
dk: 0.067
K
tensor([[ 1.0000, -0.0109,  0.0595, -0.0762,  0.0660],
        [-0.0109,  1.0000, -0.0481, -0.0130, -0.0773],
        [ 0.0595, -0.0481,  1.0000, -0.0106, -0.0609],
        [-0.0762, -0.0130, -0.0106,  1.0000, -0.0972],
        [ 0.0660, -0.0773, -0.0609, -0.0972,  1.0000]])
target K
tensor([[ 1.0000, -0.0682,  0.1177, -0.0830,  0.0416],
        [-0.0682,  1.0000, -0.0710, -0.0202, -0.0298],
        [ 0.1177, -0.0710,  1.0000,  0.0332, -0.0268],
        [-0.0830, -0.0202,  0.0332,  1.0000, -0.0841],
        [ 0.0416, -0.0298, -0.0268, -0.0841,  1.0000]])
scales: 0.55 +- 0.28
dk: 0.063
K
tensor([[ 1.0000, -0.0364, -0.0269,  0.0058,  0.0085],
        [-0.0364,  1.0000,  0.0333,  0.0160,  0.0688],
        [-0.0269,  0.0333,  1.0000,  0.0630,  0.0210],
        [ 0.0058,  0.0160,  0.0630,  1.0000, -0.0272],
        [ 0.0085,  0.0688,  0.0210, -0.0272,  1.0000]])
target K
tensor([[ 1.0000, -0.0273,  0.0359,  0.0216,  0.1025],
        [-0.0273,  1.0000,  0.0899,  0.0038,  0.0477],
        [ 0.0359,  0.0899,  1.0000, -0.0244, -0.0331],
        [ 0.0216,  0.0038, -0.0244,  1.0000, -0.0100],
        [ 0.1025,  0.0477, -0.0331, -0.0100,  1.0000]])
scales: 0.54 +- 0.29
dk: 0.057
K
tensor([[ 1.0000, -0.0969,  0.1325,  0.1549,  0.2149],
        [-0.0969,  1.0000, -0.1106, -0.0687, -0.0790],
        [ 0.1325, -0.1106,  1.0000,  0.0231, -0.0021],
        [ 0.1549, -0.0687,  0.0231,  1.0000,  0.8627],
        [ 0.2149, -0.0790, -0.0021,  0.8627,  1.0000]])
target K
tensor([[ 1.0000, -0.0215,  0.0547,  0.1644,  0.1781],
        [-0.0215,  1.0000, -0.1056, -0.0316, -0.0245],
        [ 0.0547, -0.1056,  1.0000, -0.0467,  0.0375],
        [ 0.1644, -0.0316, -0.0467,  1.0000,  0.7135],
        [ 0.1781, -0.0245,  0.0375,  0.7135,  1.0000]])
scales: 0.54 +- 0.30
dk: 0.055
K
tensor([[ 1.0000, -0.0291, -0.0022,  0.0558,  0.1027],
        [-0.0291,  1.0000, -0.1628, -0.0621, -0.0326],
        [-0.0022, -0.1628,  1.0000, -0.0174,  0.0032],
        [ 0.0558, -0.0621, -0.0174,  1.0000,  0.0011],
        [ 0.1027, -0.0326,  0.0032,  0.0011,  1.0000]])
target K
tensor([[ 1.0000, -0.0433,  0.0596, -0.0477,  0.0829],
        [-0.0433,  1.0000, -0.1020, -0.0101,  0.0095],
        [ 0.0596, -0.1020,  1.0000,  0.0277,  0.0224],
        [-0.0477, -0.0101,  0.0277,  1.0000, -0.0295],
        [ 0.0829,  0.0095,  0.0224, -0.0295,  1.0000]])
scales: 0.53 +- 0.30
dk: 0.052
K
tensor([[ 1.0000e+00,  2.2868e-02, -2.9092e-02, -9.5627e-02, -9.9026e-02],
        [ 2.2868e-02,  1.0000e+00, -7.5635e-02, -1.0506e-01,  3.2421e-05],
        [-2.9092e-02, -7.5635e-02,  1.0000e+00, -1.3242e-02, -1.2325e-01],
        [-9.5627e-02, -1.0506e-01, -1.3242e-02,  1.0000e+00, -7.1761e-02],
        [-9.9026e-02,  3.2421e-05, -1.2325e-01, -7.1761e-02,  1.0000e+00]])
target K
tensor([[ 1.0000, -0.0992, -0.0035, -0.1115, -0.1000],
        [-0.0992,  1.0000, -0.0838, -0.0946, -0.0289],
        [-0.0035, -0.0838,  1.0000, -0.0130, -0.1758],
        [-0.1115, -0.0946, -0.0130,  1.0000, -0.0481],
        [-0.1000, -0.0289, -0.1758, -0.0481,  1.0000]])
scales: 0.52 +- 0.30
dk: 0.052
K
tensor([[ 1.0000, -0.1244, -0.1491, -0.0966, -0.1048],
        [-0.1244,  1.0000, -0.0344, -0.0574, -0.0092],
        [-0.1491, -0.0344,  1.0000,  0.0810, -0.0463],
        [-0.0966, -0.0574,  0.0810,  1.0000,  0.0924],
        [-0.1048, -0.0092, -0.0463,  0.0924,  1.0000]])
target K
tensor([[ 1.0000, -0.0582, -0.1115, -0.0811, -0.0310],
        [-0.0582,  1.0000,  0.0085, -0.0325, -0.0904],
        [-0.1115,  0.0085,  1.0000,  0.0811, -0.0573],
        [-0.0811, -0.0325,  0.0811,  1.0000,  0.0229],
        [-0.0310, -0.0904, -0.0573,  0.0229,  1.0000]])
scales: 0.52 +- 0.30
dk: 0.048
K
tensor([[ 1.0000, -0.0053,  0.0444, -0.0073, -0.0436],
        [-0.0053,  1.0000, -0.0049, -0.0593,  0.0712],
        [ 0.0444, -0.0049,  1.0000, -0.1601, -0.0555],
        [-0.0073, -0.0593, -0.1601,  1.0000, -0.0050],
        [-0.0436,  0.0712, -0.0555, -0.0050,  1.0000]])
target K
tensor([[ 1.0000,  0.0011,  0.0031, -0.0476, -0.0135],
        [ 0.0011,  1.0000, -0.0670,  0.0179,  0.1378],
        [ 0.0031, -0.0670,  1.0000, -0.1151, -0.0246],
        [-0.0476,  0.0179, -0.1151,  1.0000, -0.0640],
        [-0.0135,  0.1378, -0.0246, -0.0640,  1.0000]])
scales: 0.52 +- 0.30
dk: 0.048
K
tensor([[ 1.0000, -0.0135, -0.0039, -0.0812, -0.0519],
        [-0.0135,  1.0000, -0.0403, -0.0835, -0.0617],
        [-0.0039, -0.0403,  1.0000, -0.1417,  0.0100],
        [-0.0812, -0.0835, -0.1417,  1.0000, -0.0370],
        [-0.0519, -0.0617,  0.0100, -0.0370,  1.0000]])
target K
tensor([[ 1.0000, -0.0086, -0.0148, -0.0379, -0.0878],
        [-0.0086,  1.0000, -0.0431, -0.0575, -0.0249],
        [-0.0148, -0.0431,  1.0000, -0.1088, -0.0036],
        [-0.0379, -0.0575, -0.1088,  1.0000, -0.0222],
        [-0.0878, -0.0249, -0.0036, -0.0222,  1.0000]])
scales: 0.52 +- 0.30
dk: 0.046
K
tensor([[ 1.0000,  0.0627, -0.1127,  0.1100,  0.1326],
        [ 0.0627,  1.0000, -0.1279,  0.1636,  0.2931],
        [-0.1127, -0.1279,  1.0000, -0.1404, -0.0933],
        [ 0.1100,  0.1636, -0.1404,  1.0000,  0.2241],
        [ 0.1326,  0.2931, -0.0933,  0.2241,  1.0000]])
target K
tensor([[ 1.0000, -0.0201, -0.1125,  0.0631,  0.1537],
        [-0.0201,  1.0000, -0.1606,  0.1587,  0.1739],
        [-0.1125, -0.1606,  1.0000, -0.1528, -0.1369],
        [ 0.0631,  0.1587, -0.1528,  1.0000,  0.2713],
        [ 0.1537,  0.1739, -0.1369,  0.2713,  1.0000]])
scales: 0.52 +- 0.30
dk: 0.046
Finished training, evaluating...
Final test acc: 87.040
