--------------------------------------------------------------------------------
model_class: vit_small_patch16_224.augreg_in1k
train_frac: 1
use_val: False
method: aft
steps: 5000
eval_steps: 500
prec: 10
pretrained_models: vit_large_patch14_clip_224.laion2b
init_model: vit_small_patch16_224.augreg_in1k
optimizer: adam
lr: 0.0001
wd: 0
learn_scales: True
prior_lr: 0.01
prior_freq: 1
prior_pretrain_steps: 0
ckpt_dir: None
seed: 0
use_wandb: False
run_name: None
no_augment: True
cache: False
batch_size: 128
dataset: cifar100
kwargs: {}
--------------------------------------------------------------------------------
Train transform:
Compose(
    Resize(size=248, interpolation=bicubic, max_size=None, antialias=warn)
    CenterCrop(size=(224, 224))
    MaybeToTensor()
    Normalize(mean=tensor([0.5000, 0.5000, 0.5000]), std=tensor([0.5000, 0.5000, 0.5000]))
)
Test transform:
Compose(
    Resize(size=248, interpolation=bicubic, max_size=None, antialias=warn)
    CenterCrop(size=(224, 224))
    MaybeToTensor()
    Normalize(mean=tensor([0.5000, 0.5000, 0.5000]), std=tensor([0.5000, 0.5000, 0.5000]))
)
Files already downloaded and verified
Files already downloaded and verified
Training set size: 50000
Validation set size: 0
Train transform:
Compose(
    Resize(size=248, interpolation=bicubic, max_size=None, antialias=warn)
    CenterCrop(size=(224, 224))
    MaybeToTensor()
    Normalize(mean=tensor([0.5000, 0.5000, 0.5000]), std=tensor([0.5000, 0.5000, 0.5000]))
)
Test transform:
Compose(
    Resize(size=248, interpolation=bicubic, max_size=None, antialias=warn)
    CenterCrop(size=(224, 224))
    MaybeToTensor()
    Normalize(mean=tensor([0.5000, 0.5000, 0.5000]), std=tensor([0.5000, 0.5000, 0.5000]))
)
Files already downloaded and verified
Files already downloaded and verified
Pretrained models: ['vit_large_patch14_clip_224.laion2b']
Feature dims: [1024]
Feature dataset: torch.Size([50000, 1024])
Feature dims: [1024]
Feature dataset: torch.Size([0, 1024])
Feature dims: [1024]
Feature dataset: torch.Size([10000, 1024])
Init model: vit_small_patch16_224.augreg_in1k
Using timm pretrained model
KernelPrior: params / constraints = 8.2e-07
Trainable parameters: 22M
Optimizer: adam
Not loading: ['classifier.weight', 'classifier.bias']
K
tensor([[ 1.0000e+00, -7.6664e-02, -2.9566e-02,  3.0602e-02, -1.4258e-01],
        [-7.6664e-02,  1.0000e+00,  3.9204e-03, -1.3737e-01, -1.8633e-04],
        [-2.9566e-02,  3.9204e-03,  1.0000e+00, -5.0934e-02, -3.0299e-02],
        [ 3.0602e-02, -1.3737e-01, -5.0934e-02,  1.0000e+00, -4.5952e-03],
        [-1.4258e-01, -1.8633e-04, -3.0299e-02, -4.5952e-03,  1.0000e+00]])
target K
tensor([[ 1.0000, -0.0125, -0.0472, -0.0711, -0.0664],
        [-0.0125,  1.0000, -0.0093, -0.1537,  0.0277],
        [-0.0472, -0.0093,  1.0000,  0.0230, -0.0259],
        [-0.0711, -0.1537,  0.0230,  1.0000,  0.0416],
        [-0.0664,  0.0277, -0.0259,  0.0416,  1.0000]])
scales: 0.55 +- 0.18
dk: 0.073
K
tensor([[ 1.0000,  0.0242, -0.0478, -0.0850,  0.1623],
        [ 0.0242,  1.0000, -0.0741, -0.0775, -0.0136],
        [-0.0478, -0.0741,  1.0000,  0.0318, -0.0700],
        [-0.0850, -0.0775,  0.0318,  1.0000, -0.1404],
        [ 0.1623, -0.0136, -0.0700, -0.1404,  1.0000]])
target K
tensor([[ 1.0000, -0.0291, -0.0424, -0.0931,  0.2210],
        [-0.0291,  1.0000, -0.1437, -0.1074,  0.1362],
        [-0.0424, -0.1437,  1.0000,  0.0234, -0.0870],
        [-0.0931, -0.1074,  0.0234,  1.0000, -0.1399],
        [ 0.2210,  0.1362, -0.0870, -0.1399,  1.0000]])
scales: 0.55 +- 0.20
dk: 0.068
K
tensor([[ 1.0000, -0.1182,  0.0026, -0.0306, -0.0631],
        [-0.1182,  1.0000,  0.0165,  0.0204,  0.0558],
        [ 0.0026,  0.0165,  1.0000,  0.1593,  0.0587],
        [-0.0306,  0.0204,  0.1593,  1.0000, -0.0012],
        [-0.0631,  0.0558,  0.0587, -0.0012,  1.0000]])
target K
tensor([[ 1.0000, -0.0801, -0.1283, -0.0757, -0.0723],
        [-0.0801,  1.0000,  0.1343,  0.0611,  0.0675],
        [-0.1283,  0.1343,  1.0000,  0.0928,  0.0119],
        [-0.0757,  0.0611,  0.0928,  1.0000,  0.0296],
        [-0.0723,  0.0675,  0.0119,  0.0296,  1.0000]])
scales: 0.55 +- 0.20
dk: 0.065
K
tensor([[ 1.0000, -0.0787,  0.1554,  0.1351,  0.1121],
        [-0.0787,  1.0000, -0.0866, -0.1266, -0.0342],
        [ 0.1554, -0.0866,  1.0000,  0.0448, -0.0680],
        [ 0.1351, -0.1266,  0.0448,  1.0000,  0.7710],
        [ 0.1121, -0.0342, -0.0680,  0.7710,  1.0000]])
target K
tensor([[ 1.0000, -0.1339,  0.0362,  0.1768,  0.1236],
        [-0.1339,  1.0000, -0.1127, -0.0672, -0.0220],
        [ 0.0362, -0.1127,  1.0000, -0.0180, -0.0940],
        [ 0.1768, -0.0672, -0.0180,  1.0000,  0.6212],
        [ 0.1236, -0.0220, -0.0940,  0.6212,  1.0000]])
scales: 0.55 +- 0.20
dk: 0.061
K
tensor([[ 1.0000,  0.0569,  0.0026,  0.2267,  0.0470],
        [ 0.0569,  1.0000, -0.1129, -0.0581,  0.0663],
        [ 0.0026, -0.1129,  1.0000, -0.0951,  0.0921],
        [ 0.2267, -0.0581, -0.0951,  1.0000, -0.0576],
        [ 0.0470,  0.0663,  0.0921, -0.0576,  1.0000]])
target K
tensor([[ 1.0000, -0.0673, -0.0239,  0.1321,  0.1945],
        [-0.0673,  1.0000, -0.0715, -0.1625,  0.0306],
        [-0.0239, -0.0715,  1.0000, -0.0917,  0.0770],
        [ 0.1321, -0.1625, -0.0917,  1.0000, -0.1416],
        [ 0.1945,  0.0306,  0.0770, -0.1416,  1.0000]])
scales: 0.55 +- 0.19
dk: 0.059
K
tensor([[ 1.0000, -0.0087, -0.0052, -0.0612, -0.0524],
        [-0.0087,  1.0000, -0.0252, -0.0639, -0.0931],
        [-0.0052, -0.0252,  1.0000,  0.0162, -0.1507],
        [-0.0612, -0.0639,  0.0162,  1.0000, -0.0793],
        [-0.0524, -0.0931, -0.1507, -0.0793,  1.0000]])
target K
tensor([[ 1.0000, -0.0914,  0.0309,  0.0021, -0.1126],
        [-0.0914,  1.0000,  0.0039, -0.0746, -0.0815],
        [ 0.0309,  0.0039,  1.0000,  0.0027, -0.1469],
        [ 0.0021, -0.0746,  0.0027,  1.0000, -0.0111],
        [-0.1126, -0.0815, -0.1469, -0.0111,  1.0000]])
scales: 0.56 +- 0.19
dk: 0.057
K
tensor([[ 1.0000, -0.0405, -0.0997, -0.0477,  0.0308],
        [-0.0405,  1.0000, -0.0240, -0.0435,  0.0459],
        [-0.0997, -0.0240,  1.0000,  0.1142, -0.0246],
        [-0.0477, -0.0435,  0.1142,  1.0000,  0.2531],
        [ 0.0308,  0.0459, -0.0246,  0.2531,  1.0000]])
target K
tensor([[ 1.0000, -0.0838, -0.0669,  0.0079,  0.0164],
        [-0.0838,  1.0000, -0.0703, -0.0192, -0.0062],
        [-0.0669, -0.0703,  1.0000,  0.0346, -0.0698],
        [ 0.0079, -0.0192,  0.0346,  1.0000,  0.1961],
        [ 0.0164, -0.0062, -0.0698,  0.1961,  1.0000]])
scales: 0.56 +- 0.18
dk: 0.057
K
tensor([[ 1.0000, -0.1321,  0.0204, -0.0658, -0.0470],
        [-0.1321,  1.0000,  0.0652,  0.0131,  0.0762],
        [ 0.0204,  0.0652,  1.0000, -0.1733, -0.0614],
        [-0.0658,  0.0131, -0.1733,  1.0000,  0.0397],
        [-0.0470,  0.0762, -0.0614,  0.0397,  1.0000]])
target K
tensor([[ 1.0000, -0.1646, -0.0681, -0.0666, -0.0654],
        [-0.1646,  1.0000, -0.0337,  0.0191,  0.1153],
        [-0.0681, -0.0337,  1.0000, -0.1283, -0.0306],
        [-0.0666,  0.0191, -0.1283,  1.0000,  0.0340],
        [-0.0654,  0.1153, -0.0306,  0.0340,  1.0000]])
scales: 0.56 +- 0.18
dk: 0.055
K
tensor([[ 1.0000,  0.0394, -0.0382, -0.0771, -0.0200],
        [ 0.0394,  1.0000, -0.0769, -0.0923, -0.0832],
        [-0.0382, -0.0769,  1.0000, -0.0172,  0.0279],
        [-0.0771, -0.0923, -0.0172,  1.0000,  0.0322],
        [-0.0200, -0.0832,  0.0279,  0.0322,  1.0000]])
target K
tensor([[ 1.0000,  0.1036, -0.0712, -0.1068, -0.0595],
        [ 0.1036,  1.0000, -0.0357, -0.1253, -0.0645],
        [-0.0712, -0.0357,  1.0000, -0.1046, -0.0154],
        [-0.1068, -0.1253, -0.1046,  1.0000,  0.0238],
        [-0.0595, -0.0645, -0.0154,  0.0238,  1.0000]])
scales: 0.56 +- 0.18
dk: 0.052
K
tensor([[ 1.0000,  0.1210, -0.0303,  0.1893, -0.0116],
        [ 0.1210,  1.0000,  0.0643,  0.1530,  0.5394],
        [-0.0303,  0.0643,  1.0000, -0.0215,  0.1152],
        [ 0.1893,  0.1530, -0.0215,  1.0000,  0.1266],
        [-0.0116,  0.5394,  0.1152,  0.1266,  1.0000]])
target K
tensor([[ 1.0000,  0.0415, -0.0764,  0.1069,  0.0434],
        [ 0.0415,  1.0000,  0.0473,  0.0659,  0.5128],
        [-0.0764,  0.0473,  1.0000, -0.0679,  0.1476],
        [ 0.1069,  0.0659, -0.0679,  1.0000,  0.0470],
        [ 0.0434,  0.5128,  0.1476,  0.0470,  1.0000]])
scales: 0.56 +- 0.18
dk: 0.054
Finished training, evaluating...
Final test acc: 88.360
