--------------------------------------------------------------------------------
model_class: vit_small_patch16_224.augreg_in1k
train_frac: 1
use_val: False
method: aft
steps: 5000
eval_steps: 500
prec: 10
pretrained_models: vit_base_patch14_dinov2.lvd142m
init_model: vit_small_patch16_224.augreg_in1k
optimizer: adam
lr: 0.0001
wd: 0
learn_scales: True
prior_lr: 0.01
prior_freq: 1
prior_pretrain_steps: 0
ckpt_dir: None
seed: 0
use_wandb: False
run_name: None
no_augment: True
cache: False
batch_size: 128
dataset: cifar100
kwargs: {}
--------------------------------------------------------------------------------
Train transform:
Compose(
    Resize(size=248, interpolation=bicubic, max_size=None, antialias=warn)
    CenterCrop(size=(224, 224))
    MaybeToTensor()
    Normalize(mean=tensor([0.5000, 0.5000, 0.5000]), std=tensor([0.5000, 0.5000, 0.5000]))
)
Test transform:
Compose(
    Resize(size=248, interpolation=bicubic, max_size=None, antialias=warn)
    CenterCrop(size=(224, 224))
    MaybeToTensor()
    Normalize(mean=tensor([0.5000, 0.5000, 0.5000]), std=tensor([0.5000, 0.5000, 0.5000]))
)
Files already downloaded and verified
Files already downloaded and verified
Training set size: 50000
Validation set size: 0
Train transform:
Compose(
    Resize(size=248, interpolation=bicubic, max_size=None, antialias=warn)
    CenterCrop(size=(224, 224))
    MaybeToTensor()
    Normalize(mean=tensor([0.5000, 0.5000, 0.5000]), std=tensor([0.5000, 0.5000, 0.5000]))
)
Test transform:
Compose(
    Resize(size=248, interpolation=bicubic, max_size=None, antialias=warn)
    CenterCrop(size=(224, 224))
    MaybeToTensor()
    Normalize(mean=tensor([0.5000, 0.5000, 0.5000]), std=tensor([0.5000, 0.5000, 0.5000]))
)
Files already downloaded and verified
Files already downloaded and verified
Pretrained models: ['vit_base_patch14_dinov2.lvd142m']
Feature dims: [768]
Feature dataset: torch.Size([50000, 768])
Feature dims: [768]
Feature dataset: torch.Size([0, 768])
Feature dims: [768]
Feature dataset: torch.Size([10000, 768])
Init model: vit_small_patch16_224.augreg_in1k
Using timm pretrained model
KernelPrior: params / constraints = 6.1e-07
Trainable parameters: 22M
Optimizer: adam
Not loading: ['classifier.weight', 'classifier.bias']
K
tensor([[ 1.0000, -0.1007, -0.0120,  0.0391, -0.0345],
        [-0.1007,  1.0000, -0.0280, -0.0918,  0.0199],
        [-0.0120, -0.0280,  1.0000, -0.0310,  0.0080],
        [ 0.0391, -0.0918, -0.0310,  1.0000, -0.0326],
        [-0.0345,  0.0199,  0.0080, -0.0326,  1.0000]])
target K
tensor([[ 1.0000, -0.0302, -0.0539, -0.0336, -0.0193],
        [-0.0302,  1.0000, -0.0634, -0.0589,  0.0144],
        [-0.0539, -0.0634,  1.0000,  0.0175, -0.0944],
        [-0.0336, -0.0589,  0.0175,  1.0000,  0.0448],
        [-0.0193,  0.0144, -0.0944,  0.0448,  1.0000]])
scales: 0.48 +- 0.07
dk: 0.065
K
tensor([[ 1.0000,  0.0233, -0.0422, -0.0409,  0.0035],
        [ 0.0233,  1.0000, -0.0714, -0.0146, -0.0335],
        [-0.0422, -0.0714,  1.0000,  0.0617, -0.0898],
        [-0.0409, -0.0146,  0.0617,  1.0000, -0.0894],
        [ 0.0035, -0.0335, -0.0898, -0.0894,  1.0000]])
target K
tensor([[ 1.0000, -0.0583, -0.0322, -0.1075,  0.0384],
        [-0.0583,  1.0000, -0.0082, -0.0847, -0.0274],
        [-0.0322, -0.0082,  1.0000, -0.0032, -0.0719],
        [-0.1075, -0.0847, -0.0032,  1.0000, -0.0015],
        [ 0.0384, -0.0274, -0.0719, -0.0015,  1.0000]])
scales: 0.49 +- 0.06
dk: 0.063
K
tensor([[ 1.0000, -0.0502,  0.0372,  0.0230,  0.0150],
        [-0.0502,  1.0000, -0.1163, -0.0795,  0.0749],
        [ 0.0372, -0.1163,  1.0000,  0.0534,  0.0294],
        [ 0.0230, -0.0795,  0.0534,  1.0000, -0.0211],
        [ 0.0150,  0.0749,  0.0294, -0.0211,  1.0000]])
target K
tensor([[ 1.0000, -0.0265, -0.0096,  0.0327, -0.0151],
        [-0.0265,  1.0000,  0.0816, -0.0256,  0.0840],
        [-0.0096,  0.0816,  1.0000,  0.0282,  0.0028],
        [ 0.0327, -0.0256,  0.0282,  1.0000, -0.0397],
        [-0.0151,  0.0840,  0.0028, -0.0397,  1.0000]])
scales: 0.49 +- 0.06
dk: 0.057
K
tensor([[ 1.0000, -0.0765,  0.1122,  0.0500,  0.0561],
        [-0.0765,  1.0000, -0.0329, -0.0337, -0.0783],
        [ 0.1122, -0.0329,  1.0000, -0.0031, -0.0273],
        [ 0.0500, -0.0337, -0.0031,  1.0000,  0.8798],
        [ 0.0561, -0.0783, -0.0273,  0.8798,  1.0000]])
target K
tensor([[ 1.0000, -0.0088,  0.0504,  0.0675,  0.0967],
        [-0.0088,  1.0000,  0.0300, -0.0619, -0.0584],
        [ 0.0504,  0.0300,  1.0000, -0.0545,  0.0354],
        [ 0.0675, -0.0619, -0.0545,  1.0000,  0.6399],
        [ 0.0967, -0.0584,  0.0354,  0.6399,  1.0000]])
scales: 0.49 +- 0.06
dk: 0.055
K
tensor([[ 1.0000e+00, -1.4498e-02,  1.1236e-03,  7.9445e-02, -1.8475e-02],
        [-1.4498e-02,  1.0000e+00, -5.3349e-02,  5.1190e-04,  2.0521e-02],
        [ 1.1236e-03, -5.3349e-02,  1.0000e+00, -8.6436e-02,  3.0702e-02],
        [ 7.9445e-02,  5.1190e-04, -8.6436e-02,  1.0000e+00, -7.0451e-02],
        [-1.8475e-02,  2.0521e-02,  3.0702e-02, -7.0451e-02,  1.0000e+00]])
target K
tensor([[ 1.0000,  0.0251,  0.0284,  0.0805,  0.0560],
        [ 0.0251,  1.0000, -0.0327,  0.0122, -0.0513],
        [ 0.0284, -0.0327,  1.0000, -0.0392,  0.1244],
        [ 0.0805,  0.0122, -0.0392,  1.0000, -0.0307],
        [ 0.0560, -0.0513,  0.1244, -0.0307,  1.0000]])
scales: 0.49 +- 0.07
dk: 0.054
K
tensor([[ 1.0000e+00, -9.0761e-04, -9.7697e-03, -5.0637e-02, -1.4647e-02],
        [-9.0761e-04,  1.0000e+00, -5.9435e-02, -3.9355e-02, -4.4912e-02],
        [-9.7697e-03, -5.9435e-02,  1.0000e+00,  1.0481e-03, -5.9864e-02],
        [-5.0637e-02, -3.9355e-02,  1.0481e-03,  1.0000e+00, -3.8445e-02],
        [-1.4647e-02, -4.4912e-02, -5.9864e-02, -3.8445e-02,  1.0000e+00]])
target K
tensor([[ 1.0000, -0.0689, -0.0145,  0.0110, -0.0719],
        [-0.0689,  1.0000, -0.0249, -0.0057,  0.0095],
        [-0.0145, -0.0249,  1.0000, -0.0082, -0.0859],
        [ 0.0110, -0.0057, -0.0082,  1.0000, -0.0304],
        [-0.0719,  0.0095, -0.0859, -0.0304,  1.0000]])
scales: 0.49 +- 0.07
dk: 0.054
K
tensor([[ 1.0000, -0.0049, -0.1293, -0.0888, -0.1242],
        [-0.0049,  1.0000, -0.0170,  0.0181,  0.0026],
        [-0.1293, -0.0170,  1.0000,  0.0098, -0.0739],
        [-0.0888,  0.0181,  0.0098,  1.0000,  0.0770],
        [-0.1242,  0.0026, -0.0739,  0.0770,  1.0000]])
target K
tensor([[ 1.0000, -0.0259, -0.0908, -0.1141, -0.0370],
        [-0.0259,  1.0000, -0.0823,  0.0396, -0.0661],
        [-0.0908, -0.0823,  1.0000, -0.0227, -0.0794],
        [-0.1141,  0.0396, -0.0227,  1.0000,  0.0388],
        [-0.0370, -0.0661, -0.0794,  0.0388,  1.0000]])
scales: 0.49 +- 0.07
dk: 0.054
K
tensor([[ 1.0000, -0.0693,  0.0324, -0.0391, -0.0635],
        [-0.0693,  1.0000, -0.0699, -0.0078, -0.0975],
        [ 0.0324, -0.0699,  1.0000, -0.0407, -0.0344],
        [-0.0391, -0.0078, -0.0407,  1.0000, -0.0274],
        [-0.0635, -0.0975, -0.0344, -0.0274,  1.0000]])
target K
tensor([[ 1.0000e+00, -7.5237e-02,  3.3650e-02, -5.0019e-02, -4.3212e-02],
        [-7.5237e-02,  1.0000e+00, -6.7452e-02,  1.8319e-04,  3.3212e-02],
        [ 3.3650e-02, -6.7452e-02,  1.0000e+00, -6.3286e-03, -7.0937e-02],
        [-5.0019e-02,  1.8319e-04, -6.3286e-03,  1.0000e+00,  4.5251e-02],
        [-4.3212e-02,  3.3212e-02, -7.0937e-02,  4.5251e-02,  1.0000e+00]])
scales: 0.49 +- 0.07
dk: 0.054
K
tensor([[ 1.0000e+00, -1.3288e-02,  7.6658e-04, -5.3408e-02, -2.5265e-02],
        [-1.3288e-02,  1.0000e+00, -4.9443e-02, -3.1906e-02, -6.7022e-02],
        [ 7.6658e-04, -4.9443e-02,  1.0000e+00, -6.2879e-02, -6.7011e-03],
        [-5.3408e-02, -3.1906e-02, -6.2879e-02,  1.0000e+00, -1.3191e-02],
        [-2.5265e-02, -6.7022e-02, -6.7011e-03, -1.3191e-02,  1.0000e+00]])
target K
tensor([[ 1.0000,  0.0270, -0.0221, -0.0483,  0.0182],
        [ 0.0270,  1.0000, -0.0055,  0.0084, -0.0141],
        [-0.0221, -0.0055,  1.0000, -0.0696, -0.0081],
        [-0.0483,  0.0084, -0.0696,  1.0000, -0.0736],
        [ 0.0182, -0.0141, -0.0081, -0.0736,  1.0000]])
scales: 0.49 +- 0.07
dk: 0.051
K
tensor([[ 1.0000,  0.0647, -0.0374,  0.0355, -0.0837],
        [ 0.0647,  1.0000, -0.0147,  0.0532,  0.4930],
        [-0.0374, -0.0147,  1.0000, -0.0657, -0.0125],
        [ 0.0355,  0.0532, -0.0657,  1.0000,  0.0421],
        [-0.0837,  0.4930, -0.0125,  0.0421,  1.0000]])
target K
tensor([[ 1.0000,  0.0313, -0.0325, -0.0087, -0.0749],
        [ 0.0313,  1.0000, -0.0445, -0.0114,  0.3694],
        [-0.0325, -0.0445,  1.0000, -0.0276, -0.0540],
        [-0.0087, -0.0114, -0.0276,  1.0000,  0.0665],
        [-0.0749,  0.3694, -0.0540,  0.0665,  1.0000]])
scales: 0.49 +- 0.07
dk: 0.051
Finished training, evaluating...
Final test acc: 88.460
