--------------------------------------------------------------------------------
model_class: vit_small_patch16_224.augreg_in1k
train_frac: 1
use_val: False
method: aft
steps: 5000
eval_steps: 500
prec: 10
pretrained_models: vit_base_patch14_dinov2.lvd142m
init_model: vit_small_patch16_224.augreg_in1k
optimizer: adam
lr: 0.0001
wd: 0
learn_scales: True
prior_lr: 0.01
prior_freq: 1
prior_pretrain_steps: 0
ckpt_dir: None
seed: 0
use_wandb: False
run_name: None
no_augment: True
cache: False
batch_size: 128
dataset: cifar100
kwargs: {}
--------------------------------------------------------------------------------
Train transform:
Compose(
    Resize(size=248, interpolation=bicubic, max_size=None, antialias=warn)
    CenterCrop(size=(224, 224))
    MaybeToTensor()
    Normalize(mean=tensor([0.5000, 0.5000, 0.5000]), std=tensor([0.5000, 0.5000, 0.5000]))
)
Test transform:
Compose(
    Resize(size=248, interpolation=bicubic, max_size=None, antialias=warn)
    CenterCrop(size=(224, 224))
    MaybeToTensor()
    Normalize(mean=tensor([0.5000, 0.5000, 0.5000]), std=tensor([0.5000, 0.5000, 0.5000]))
)
Files already downloaded and verified
Files already downloaded and verified
Training set size: 50000
Validation set size: 0
Train transform:
Compose(
    Resize(size=248, interpolation=bicubic, max_size=None, antialias=warn)
    CenterCrop(size=(224, 224))
    MaybeToTensor()
    Normalize(mean=tensor([0.5000, 0.5000, 0.5000]), std=tensor([0.5000, 0.5000, 0.5000]))
)
Test transform:
Compose(
    Resize(size=248, interpolation=bicubic, max_size=None, antialias=warn)
    CenterCrop(size=(224, 224))
    MaybeToTensor()
    Normalize(mean=tensor([0.5000, 0.5000, 0.5000]), std=tensor([0.5000, 0.5000, 0.5000]))
)
Files already downloaded and verified
Files already downloaded and verified
Pretrained models: ['vit_base_patch14_dinov2.lvd142m']
Feature dims: [768]
Feature dataset: torch.Size([50000, 768])
Feature dims: [768]
Feature dataset: torch.Size([0, 768])
Feature dims: [768]
Feature dataset: torch.Size([10000, 768])
Init model: vit_small_patch16_224.augreg_in1k
Using timm pretrained model
KernelPrior: params / constraints = 6.1e-07
Trainable parameters: 22M
Optimizer: adam
Not loading: ['classifier.weight', 'classifier.bias']
K
tensor([[ 1.0000, -0.1140, -0.0223,  0.0216, -0.0749],
        [-0.1140,  1.0000, -0.0330, -0.0981,  0.0194],
        [-0.0223, -0.0330,  1.0000, -0.0235, -0.0044],
        [ 0.0216, -0.0981, -0.0235,  1.0000, -0.0577],
        [-0.0749,  0.0194, -0.0044, -0.0577,  1.0000]])
target K
tensor([[ 1.0000, -0.0329, -0.0546, -0.0350, -0.0181],
        [-0.0329,  1.0000, -0.0631, -0.0583,  0.0162],
        [-0.0546, -0.0631,  1.0000,  0.0187, -0.0963],
        [-0.0350, -0.0583,  0.0187,  1.0000,  0.0456],
        [-0.0181,  0.0162, -0.0963,  0.0456,  1.0000]])
scales: 0.48 +- 0.07
dk: 0.066
K
tensor([[ 1.0000,  0.0646, -0.0154, -0.0508, -0.0014],
        [ 0.0646,  1.0000, -0.0429, -0.0068, -0.0216],
        [-0.0154, -0.0429,  1.0000,  0.0404, -0.1143],
        [-0.0508, -0.0068,  0.0404,  1.0000, -0.0953],
        [-0.0014, -0.0216, -0.1143, -0.0953,  1.0000]])
target K
tensor([[ 1.0000, -0.0595, -0.0313, -0.1077,  0.0378],
        [-0.0595,  1.0000, -0.0094, -0.0852, -0.0271],
        [-0.0313, -0.0094,  1.0000, -0.0021, -0.0735],
        [-0.1077, -0.0852, -0.0021,  1.0000, -0.0016],
        [ 0.0378, -0.0271, -0.0735, -0.0016,  1.0000]])
scales: 0.49 +- 0.06
dk: 0.062
K
tensor([[ 1.0000, -0.0572,  0.0423,  0.0187, -0.0409],
        [-0.0572,  1.0000, -0.0886, -0.0262,  0.0108],
        [ 0.0423, -0.0886,  1.0000,  0.0799,  0.0045],
        [ 0.0187, -0.0262,  0.0799,  1.0000,  0.0073],
        [-0.0409,  0.0108,  0.0045,  0.0073,  1.0000]])
target K
tensor([[ 1.0000, -0.0258, -0.0111,  0.0325, -0.0152],
        [-0.0258,  1.0000,  0.0821, -0.0256,  0.0842],
        [-0.0111,  0.0821,  1.0000,  0.0308,  0.0037],
        [ 0.0325, -0.0256,  0.0308,  1.0000, -0.0396],
        [-0.0152,  0.0842,  0.0037, -0.0396,  1.0000]])
scales: 0.49 +- 0.06
dk: 0.057
K
tensor([[ 1.0000, -0.0867,  0.0709,  0.0552,  0.0613],
        [-0.0867,  1.0000, -0.0460, -0.0268, -0.0694],
        [ 0.0709, -0.0460,  1.0000, -0.0125, -0.0344],
        [ 0.0552, -0.0268, -0.0125,  1.0000,  0.8799],
        [ 0.0613, -0.0694, -0.0344,  0.8799,  1.0000]])
target K
tensor([[ 1.0000, -0.0081,  0.0503,  0.0677,  0.0960],
        [-0.0081,  1.0000,  0.0294, -0.0621, -0.0583],
        [ 0.0503,  0.0294,  1.0000, -0.0542,  0.0356],
        [ 0.0677, -0.0621, -0.0542,  1.0000,  0.6403],
        [ 0.0960, -0.0583,  0.0356,  0.6403,  1.0000]])
scales: 0.49 +- 0.06
dk: 0.056
K
tensor([[ 1.0000, -0.0087,  0.0430,  0.0630,  0.0040],
        [-0.0087,  1.0000, -0.0794,  0.0059, -0.0037],
        [ 0.0430, -0.0794,  1.0000, -0.0635,  0.0802],
        [ 0.0630,  0.0059, -0.0635,  1.0000, -0.0133],
        [ 0.0040, -0.0037,  0.0802, -0.0133,  1.0000]])
target K
tensor([[ 1.0000,  0.0252,  0.0279,  0.0808,  0.0547],
        [ 0.0252,  1.0000, -0.0342,  0.0117, -0.0514],
        [ 0.0279, -0.0342,  1.0000, -0.0388,  0.1251],
        [ 0.0808,  0.0117, -0.0388,  1.0000, -0.0302],
        [ 0.0547, -0.0514,  0.1251, -0.0302,  1.0000]])
scales: 0.49 +- 0.06
dk: 0.055
K
tensor([[ 1.0000,  0.0347, -0.0156, -0.0868,  0.0118],
        [ 0.0347,  1.0000, -0.0467, -0.0435, -0.0344],
        [-0.0156, -0.0467,  1.0000,  0.0056, -0.0732],
        [-0.0868, -0.0435,  0.0056,  1.0000, -0.0460],
        [ 0.0118, -0.0344, -0.0732, -0.0460,  1.0000]])
target K
tensor([[ 1.0000, -0.0688, -0.0142,  0.0111, -0.0724],
        [-0.0688,  1.0000, -0.0235, -0.0052,  0.0086],
        [-0.0142, -0.0235,  1.0000, -0.0073, -0.0873],
        [ 0.0111, -0.0052, -0.0073,  1.0000, -0.0299],
        [-0.0724,  0.0086, -0.0873, -0.0299,  1.0000]])
scales: 0.49 +- 0.07
dk: 0.054
K
tensor([[ 1.0000, -0.0292, -0.1177, -0.0786, -0.1237],
        [-0.0292,  1.0000,  0.0069,  0.0392, -0.0154],
        [-0.1177,  0.0069,  1.0000, -0.0105, -0.0637],
        [-0.0786,  0.0392, -0.0105,  1.0000,  0.0821],
        [-0.1237, -0.0154, -0.0637,  0.0821,  1.0000]])
target K
tensor([[ 1.0000, -0.0261, -0.0907, -0.1140, -0.0374],
        [-0.0261,  1.0000, -0.0835,  0.0391, -0.0657],
        [-0.0907, -0.0835,  1.0000, -0.0232, -0.0794],
        [-0.1140,  0.0391, -0.0232,  1.0000,  0.0391],
        [-0.0374, -0.0657, -0.0794,  0.0391,  1.0000]])
scales: 0.49 +- 0.07
dk: 0.053
K
tensor([[ 1.0000, -0.0557,  0.0104, -0.0479, -0.0382],
        [-0.0557,  1.0000, -0.0623,  0.0033, -0.0786],
        [ 0.0104, -0.0623,  1.0000, -0.0617, -0.0158],
        [-0.0479,  0.0033, -0.0617,  1.0000,  0.0082],
        [-0.0382, -0.0786, -0.0158,  0.0082,  1.0000]])
target K
tensor([[ 1.0000e+00, -7.5799e-02,  3.3790e-02, -4.9935e-02, -4.3575e-02],
        [-7.5799e-02,  1.0000e+00, -6.7501e-02,  2.4917e-05,  3.3475e-02],
        [ 3.3790e-02, -6.7501e-02,  1.0000e+00, -5.5549e-03, -7.0374e-02],
        [-4.9935e-02,  2.4917e-05, -5.5549e-03,  1.0000e+00,  4.4019e-02],
        [-4.3575e-02,  3.3475e-02, -7.0374e-02,  4.4019e-02,  1.0000e+00]])
scales: 0.49 +- 0.07
dk: 0.054
K
tensor([[ 1.0000e+00, -1.5672e-02, -2.4729e-04, -6.1983e-02, -1.9770e-02],
        [-1.5672e-02,  1.0000e+00, -3.3662e-02, -4.1622e-02, -6.7449e-02],
        [-2.4729e-04, -3.3662e-02,  1.0000e+00, -1.0528e-01, -4.4256e-03],
        [-6.1983e-02, -4.1622e-02, -1.0528e-01,  1.0000e+00, -3.8814e-04],
        [-1.9770e-02, -6.7449e-02, -4.4256e-03, -3.8814e-04,  1.0000e+00]])
target K
tensor([[ 1.0000,  0.0265, -0.0222, -0.0483,  0.0182],
        [ 0.0265,  1.0000, -0.0054,  0.0084, -0.0149],
        [-0.0222, -0.0054,  1.0000, -0.0700, -0.0082],
        [-0.0483,  0.0084, -0.0700,  1.0000, -0.0734],
        [ 0.0182, -0.0149, -0.0082, -0.0734,  1.0000]])
scales: 0.49 +- 0.07
dk: 0.051
K
tensor([[ 1.0000,  0.0522, -0.0393,  0.0242, -0.1113],
        [ 0.0522,  1.0000, -0.0172,  0.0874,  0.4935],
        [-0.0393, -0.0172,  1.0000, -0.0335, -0.0257],
        [ 0.0242,  0.0874, -0.0335,  1.0000, -0.0129],
        [-0.1113,  0.4935, -0.0257, -0.0129,  1.0000]])
target K
tensor([[ 1.0000,  0.0306, -0.0325, -0.0087, -0.0748],
        [ 0.0306,  1.0000, -0.0445, -0.0112,  0.3701],
        [-0.0325, -0.0445,  1.0000, -0.0273, -0.0545],
        [-0.0087, -0.0112, -0.0273,  1.0000,  0.0662],
        [-0.0748,  0.3701, -0.0545,  0.0662,  1.0000]])
scales: 0.49 +- 0.07
dk: 0.051
Finished training, evaluating...
Final test acc: 88.720
