--------------------------------------------------------------------------------
model_class: vit_small_patch16_224.augreg_in1k
train_frac: 1
use_val: False
method: aft
steps: 5000
eval_steps: 500
prec: 10
pretrained_models: vit_base_patch14_dinov2.lvd142m_noise512
init_model: vit_small_patch16_224.augreg_in1k
optimizer: adam
lr: 0.0001
wd: 0
learn_scales: True
prior_lr: 0.01
prior_freq: 1
prior_pretrain_steps: 0
ckpt_dir: None
seed: 0
use_wandb: False
run_name: None
no_augment: True
cache: False
batch_size: 128
dataset: cifar100
kwargs: {}
--------------------------------------------------------------------------------
Train transform:
Compose(
    Resize(size=248, interpolation=bicubic, max_size=None, antialias=warn)
    CenterCrop(size=(224, 224))
    MaybeToTensor()
    Normalize(mean=tensor([0.5000, 0.5000, 0.5000]), std=tensor([0.5000, 0.5000, 0.5000]))
)
Test transform:
Compose(
    Resize(size=248, interpolation=bicubic, max_size=None, antialias=warn)
    CenterCrop(size=(224, 224))
    MaybeToTensor()
    Normalize(mean=tensor([0.5000, 0.5000, 0.5000]), std=tensor([0.5000, 0.5000, 0.5000]))
)
Files already downloaded and verified
Files already downloaded and verified
Training set size: 50000
Validation set size: 0
Train transform:
Compose(
    Resize(size=248, interpolation=bicubic, max_size=None, antialias=warn)
    CenterCrop(size=(224, 224))
    MaybeToTensor()
    Normalize(mean=tensor([0.5000, 0.5000, 0.5000]), std=tensor([0.5000, 0.5000, 0.5000]))
)
Test transform:
Compose(
    Resize(size=248, interpolation=bicubic, max_size=None, antialias=warn)
    CenterCrop(size=(224, 224))
    MaybeToTensor()
    Normalize(mean=tensor([0.5000, 0.5000, 0.5000]), std=tensor([0.5000, 0.5000, 0.5000]))
)
Files already downloaded and verified
Files already downloaded and verified
Pretrained models: ['vit_base_patch14_dinov2.lvd142m_noise512']
Feature dims: [1280]
Feature dataset: torch.Size([50000, 1280])
Feature dims: [1280]
Feature dataset: torch.Size([0, 1280])
Feature dims: [1280]
Feature dataset: torch.Size([10000, 1280])
Init model: vit_small_patch16_224.augreg_in1k
Using timm pretrained model
KernelPrior: params / constraints = 1e-06
Trainable parameters: 22M
Optimizer: adam
Not loading: ['classifier.weight', 'classifier.bias']
K
tensor([[ 1.0000e+00, -1.0917e-01, -5.2808e-03,  2.2378e-02, -5.2012e-02],
        [-1.0917e-01,  1.0000e+00, -5.3541e-02, -8.2363e-02,  7.1142e-02],
        [-5.2808e-03, -5.3541e-02,  1.0000e+00, -2.6232e-02, -4.9980e-04],
        [ 2.2378e-02, -8.2363e-02, -2.6232e-02,  1.0000e+00, -5.7049e-02],
        [-5.2012e-02,  7.1142e-02, -4.9980e-04, -5.7049e-02,  1.0000e+00]])
target K
tensor([[ 1.0000, -0.0320, -0.0501, -0.0317, -0.0199],
        [-0.0320,  1.0000, -0.0631, -0.0315,  0.0074],
        [-0.0501, -0.0631,  1.0000,  0.0084, -0.0844],
        [-0.0317, -0.0315,  0.0084,  1.0000,  0.0455],
        [-0.0199,  0.0074, -0.0844,  0.0455,  1.0000]])
scales: 0.47 +- 0.07
dk: 0.065
K
tensor([[ 1.0000e+00,  9.0096e-02, -1.4216e-02, -8.3945e-03,  1.5685e-05],
        [ 9.0096e-02,  1.0000e+00, -4.9632e-02,  1.1397e-04,  1.2189e-02],
        [-1.4216e-02, -4.9632e-02,  1.0000e+00,  2.9200e-02, -8.3369e-02],
        [-8.3945e-03,  1.1397e-04,  2.9200e-02,  1.0000e+00, -2.5787e-02],
        [ 1.5685e-05,  1.2189e-02, -8.3369e-02, -2.5787e-02,  1.0000e+00]])
target K
tensor([[ 1.0000, -0.0486, -0.0317, -0.0864,  0.0485],
        [-0.0486,  1.0000,  0.0016, -0.0595, -0.0365],
        [-0.0317,  0.0016,  1.0000, -0.0025, -0.0573],
        [-0.0864, -0.0595, -0.0025,  1.0000, -0.0056],
        [ 0.0485, -0.0365, -0.0573, -0.0056,  1.0000]])
scales: 0.49 +- 0.06
dk: 0.061
K
tensor([[ 1.0000, -0.1244, -0.0047,  0.0240, -0.0232],
        [-0.1244,  1.0000, -0.0918, -0.0559,  0.0571],
        [-0.0047, -0.0918,  1.0000,  0.0670, -0.0090],
        [ 0.0240, -0.0559,  0.0670,  1.0000, -0.0246],
        [-0.0232,  0.0571, -0.0090, -0.0246,  1.0000]])
target K
tensor([[ 1.0000, -0.0117, -0.0131,  0.0236, -0.0197],
        [-0.0117,  1.0000,  0.0571, -0.0176,  0.0660],
        [-0.0131,  0.0571,  1.0000,  0.0339, -0.0032],
        [ 0.0236, -0.0176,  0.0339,  1.0000, -0.0608],
        [-0.0197,  0.0660, -0.0032, -0.0608,  1.0000]])
scales: 0.50 +- 0.06
dk: 0.055
K
tensor([[ 1.0000, -0.0610,  0.0845,  0.0330,  0.0358],
        [-0.0610,  1.0000, -0.0394, -0.0526, -0.0571],
        [ 0.0845, -0.0394,  1.0000, -0.0097, -0.0286],
        [ 0.0330, -0.0526, -0.0097,  1.0000,  0.8350],
        [ 0.0358, -0.0571, -0.0286,  0.8350,  1.0000]])
target K
tensor([[ 1.0000, -0.0161,  0.0429,  0.0652,  0.0787],
        [-0.0161,  1.0000,  0.0130, -0.0472, -0.0387],
        [ 0.0429,  0.0130,  1.0000, -0.0674,  0.0122],
        [ 0.0652, -0.0472, -0.0674,  1.0000,  0.5181],
        [ 0.0787, -0.0387,  0.0122,  0.5181,  1.0000]])
scales: 0.50 +- 0.06
dk: 0.055
K
tensor([[ 1.0000,  0.0015,  0.0179,  0.0454, -0.0306],
        [ 0.0015,  1.0000, -0.0540,  0.0169,  0.0224],
        [ 0.0179, -0.0540,  1.0000, -0.0897,  0.0307],
        [ 0.0454,  0.0169, -0.0897,  1.0000, -0.0314],
        [-0.0306,  0.0224,  0.0307, -0.0314,  1.0000]])
target K
tensor([[ 1.0000,  0.0069,  0.0017,  0.0566,  0.0533],
        [ 0.0069,  1.0000, -0.0230,  0.0028, -0.0556],
        [ 0.0017, -0.0230,  1.0000, -0.0268,  0.1039],
        [ 0.0566,  0.0028, -0.0268,  1.0000, -0.0202],
        [ 0.0533, -0.0556,  0.1039, -0.0202,  1.0000]])
scales: 0.50 +- 0.06
dk: 0.052
K
tensor([[ 1.0000,  0.0033,  0.0170, -0.0754,  0.0217],
        [ 0.0033,  1.0000, -0.0408, -0.0460, -0.0345],
        [ 0.0170, -0.0408,  1.0000, -0.0076, -0.0511],
        [-0.0754, -0.0460, -0.0076,  1.0000, -0.0103],
        [ 0.0217, -0.0345, -0.0511, -0.0103,  1.0000]])
target K
tensor([[ 1.0000, -0.0496, -0.0125,  0.0031, -0.0592],
        [-0.0496,  1.0000, -0.0301,  0.0057,  0.0108],
        [-0.0125, -0.0301,  1.0000, -0.0071, -0.0640],
        [ 0.0031,  0.0057, -0.0071,  1.0000, -0.0274],
        [-0.0592,  0.0108, -0.0640, -0.0274,  1.0000]])
scales: 0.50 +- 0.06
dk: 0.052
K
tensor([[ 1.0000,  0.0070, -0.1189, -0.1062, -0.0973],
        [ 0.0070,  1.0000,  0.0139,  0.0624,  0.0021],
        [-0.1189,  0.0139,  1.0000,  0.0069, -0.0603],
        [-0.1062,  0.0624,  0.0069,  1.0000,  0.0847],
        [-0.0973,  0.0021, -0.0603,  0.0847,  1.0000]])
target K
tensor([[ 1.0000, -0.0253, -0.0813, -0.0962, -0.0262],
        [-0.0253,  1.0000, -0.0552,  0.0322, -0.0508],
        [-0.0813, -0.0552,  1.0000, -0.0212, -0.0710],
        [-0.0962,  0.0322, -0.0212,  1.0000,  0.0181],
        [-0.0262, -0.0508, -0.0710,  0.0181,  1.0000]])
scales: 0.49 +- 0.06
dk: 0.052
K
tensor([[ 1.0000, -0.0334,  0.0646, -0.0251, -0.0825],
        [-0.0334,  1.0000, -0.0487,  0.0203, -0.0497],
        [ 0.0646, -0.0487,  1.0000, -0.0790, -0.0616],
        [-0.0251,  0.0203, -0.0790,  1.0000, -0.0562],
        [-0.0825, -0.0497, -0.0616, -0.0562,  1.0000]])
target K
tensor([[ 1.0000, -0.0559,  0.0333, -0.0385, -0.0432],
        [-0.0559,  1.0000, -0.0664, -0.0059,  0.0186],
        [ 0.0333, -0.0664,  1.0000, -0.0014, -0.0690],
        [-0.0385, -0.0059, -0.0014,  1.0000,  0.0078],
        [-0.0432,  0.0186, -0.0690,  0.0078,  1.0000]])
scales: 0.49 +- 0.06
dk: 0.053
K
tensor([[ 1.0000, -0.0310,  0.0153, -0.0650, -0.0137],
        [-0.0310,  1.0000, -0.0322, -0.0446, -0.0586],
        [ 0.0153, -0.0322,  1.0000, -0.0709, -0.0040],
        [-0.0650, -0.0446, -0.0709,  1.0000,  0.0012],
        [-0.0137, -0.0586, -0.0040,  0.0012,  1.0000]])
target K
tensor([[ 1.0000,  0.0136, -0.0137, -0.0459,  0.0095],
        [ 0.0136,  1.0000, -0.0247,  0.0023, -0.0088],
        [-0.0137, -0.0247,  1.0000, -0.0524, -0.0041],
        [-0.0459,  0.0023, -0.0524,  1.0000, -0.0614],
        [ 0.0095, -0.0088, -0.0041, -0.0614,  1.0000]])
scales: 0.49 +- 0.06
dk: 0.050
K
tensor([[ 1.0000,  0.0424,  0.0139,  0.0377, -0.0860],
        [ 0.0424,  1.0000, -0.0047,  0.0896,  0.4986],
        [ 0.0139, -0.0047,  1.0000, -0.0498, -0.0141],
        [ 0.0377,  0.0896, -0.0498,  1.0000,  0.0052],
        [-0.0860,  0.4986, -0.0141,  0.0052,  1.0000]])
target K
tensor([[ 1.0000,  0.0267, -0.0255,  0.0103, -0.0583],
        [ 0.0267,  1.0000, -0.0335, -0.0077,  0.2947],
        [-0.0255, -0.0335,  1.0000, -0.0343, -0.0213],
        [ 0.0103, -0.0077, -0.0343,  1.0000,  0.0602],
        [-0.0583,  0.2947, -0.0213,  0.0602,  1.0000]])
scales: 0.49 +- 0.06
dk: 0.050
Finished training, evaluating...
Final test acc: 88.370
