--------------------------------------------------------------------------------
model_class: vit_small_patch16_224.augreg_in1k
train_frac: 1
use_val: False
method: aft
steps: 5000
eval_steps: 500
prec: 10
pretrained_models: vit_base_patch14_dinov2.lvd142m_noise2048
init_model: vit_small_patch16_224.augreg_in1k
optimizer: adam
lr: 0.0001
wd: 0
learn_scales: True
prior_lr: 0.01
prior_freq: 1
prior_pretrain_steps: 0
ckpt_dir: None
seed: 0
use_wandb: False
run_name: None
no_augment: True
cache: False
batch_size: 128
dataset: cifar100
kwargs: {}
--------------------------------------------------------------------------------
Train transform:
Compose(
    Resize(size=248, interpolation=bicubic, max_size=None, antialias=warn)
    CenterCrop(size=(224, 224))
    MaybeToTensor()
    Normalize(mean=tensor([0.5000, 0.5000, 0.5000]), std=tensor([0.5000, 0.5000, 0.5000]))
)
Test transform:
Compose(
    Resize(size=248, interpolation=bicubic, max_size=None, antialias=warn)
    CenterCrop(size=(224, 224))
    MaybeToTensor()
    Normalize(mean=tensor([0.5000, 0.5000, 0.5000]), std=tensor([0.5000, 0.5000, 0.5000]))
)
Files already downloaded and verified
Files already downloaded and verified
Training set size: 50000
Validation set size: 0
Train transform:
Compose(
    Resize(size=248, interpolation=bicubic, max_size=None, antialias=warn)
    CenterCrop(size=(224, 224))
    MaybeToTensor()
    Normalize(mean=tensor([0.5000, 0.5000, 0.5000]), std=tensor([0.5000, 0.5000, 0.5000]))
)
Test transform:
Compose(
    Resize(size=248, interpolation=bicubic, max_size=None, antialias=warn)
    CenterCrop(size=(224, 224))
    MaybeToTensor()
    Normalize(mean=tensor([0.5000, 0.5000, 0.5000]), std=tensor([0.5000, 0.5000, 0.5000]))
)
Files already downloaded and verified
Files already downloaded and verified
Pretrained models: ['vit_base_patch14_dinov2.lvd142m_noise2048']
Feature dims: [2816]
Feature dataset: torch.Size([50000, 2816])
Feature dims: [2816]
Feature dataset: torch.Size([0, 2816])
Feature dims: [2816]
Feature dataset: torch.Size([10000, 2816])
Init model: vit_small_patch16_224.augreg_in1k
Using timm pretrained model
KernelPrior: params / constraints = 2.3e-06
Trainable parameters: 22M
Optimizer: adam
Not loading: ['classifier.weight', 'classifier.bias']
K
tensor([[ 1.0000, -0.1215, -0.0290,  0.0522, -0.0505],
        [-0.1215,  1.0000, -0.0186, -0.0159,  0.0287],
        [-0.0290, -0.0186,  1.0000, -0.0514,  0.0208],
        [ 0.0522, -0.0159, -0.0514,  1.0000, -0.0867],
        [-0.0505,  0.0287,  0.0208, -0.0867,  1.0000]])
target K
tensor([[ 1.0000, -0.0247, -0.0525, -0.0186, -0.0289],
        [-0.0247,  1.0000, -0.0505, -0.0458,  0.0141],
        [-0.0525, -0.0505,  1.0000,  0.0043, -0.0633],
        [-0.0186, -0.0458,  0.0043,  1.0000,  0.0317],
        [-0.0289,  0.0141, -0.0633,  0.0317,  1.0000]])
scales: 0.38 +- 0.11
dk: 0.065
K
tensor([[ 1.0000,  0.0785, -0.0048, -0.0381, -0.0164],
        [ 0.0785,  1.0000, -0.0606,  0.0542, -0.0564],
        [-0.0048, -0.0606,  1.0000,  0.0469, -0.0953],
        [-0.0381,  0.0542,  0.0469,  1.0000, -0.0221],
        [-0.0164, -0.0564, -0.0953, -0.0221,  1.0000]])
target K
tensor([[ 1.0000, -0.0619, -0.0313, -0.0866,  0.0268],
        [-0.0619,  1.0000, -0.0026, -0.0551, -0.0246],
        [-0.0313, -0.0026,  1.0000, -0.0059, -0.0524],
        [-0.0866, -0.0551, -0.0059,  1.0000, -0.0129],
        [ 0.0268, -0.0246, -0.0524, -0.0129,  1.0000]])
scales: 0.41 +- 0.09
dk: 0.059
K
tensor([[ 1.0000e+00, -3.0504e-02,  4.6038e-02,  5.5622e-04, -2.0087e-02],
        [-3.0504e-02,  1.0000e+00, -4.4626e-02, -5.9278e-02,  5.9262e-02],
        [ 4.6038e-02, -4.4626e-02,  1.0000e+00,  2.0194e-02, -1.8231e-02],
        [ 5.5622e-04, -5.9278e-02,  2.0194e-02,  1.0000e+00,  1.6667e-02],
        [-2.0087e-02,  5.9262e-02, -1.8231e-02,  1.6667e-02,  1.0000e+00]])
target K
tensor([[ 1.0000e+00, -1.7097e-02, -2.4243e-02,  2.1381e-02,  5.2537e-03],
        [-1.7097e-02,  1.0000e+00,  4.9132e-02, -2.6208e-02,  5.7060e-02],
        [-2.4243e-02,  4.9132e-02,  1.0000e+00,  1.3537e-02, -4.9614e-04],
        [ 2.1381e-02, -2.6208e-02,  1.3537e-02,  1.0000e+00, -2.7299e-02],
        [ 5.2537e-03,  5.7060e-02, -4.9614e-04, -2.7299e-02,  1.0000e+00]])
scales: 0.42 +- 0.08
dk: 0.054
K
tensor([[ 1.0000, -0.0815,  0.0913,  0.0347,  0.0932],
        [-0.0815,  1.0000,  0.0024, -0.0297, -0.0715],
        [ 0.0913,  0.0024,  1.0000,  0.0326, -0.0173],
        [ 0.0347, -0.0297,  0.0326,  1.0000,  0.8045],
        [ 0.0932, -0.0715, -0.0173,  0.8045,  1.0000]])
target K
tensor([[ 1.0000, -0.0063,  0.0307,  0.0525,  0.0552],
        [-0.0063,  1.0000,  0.0158, -0.0522, -0.0518],
        [ 0.0307,  0.0158,  1.0000, -0.0388,  0.0164],
        [ 0.0525, -0.0522, -0.0388,  1.0000,  0.4037],
        [ 0.0552, -0.0518,  0.0164,  0.4037,  1.0000]])
scales: 0.43 +- 0.07
dk: 0.055
K
tensor([[ 1.0000, -0.0163,  0.0225,  0.0929, -0.0087],
        [-0.0163,  1.0000, -0.0916,  0.0475,  0.0466],
        [ 0.0225, -0.0916,  1.0000, -0.0315, -0.0035],
        [ 0.0929,  0.0475, -0.0315,  1.0000,  0.0298],
        [-0.0087,  0.0466, -0.0035,  0.0298,  1.0000]])
target K
tensor([[ 1.0000e+00,  2.5060e-02,  1.4025e-02,  5.7831e-02,  3.3125e-02],
        [ 2.5060e-02,  1.0000e+00, -2.6060e-02, -4.9729e-05, -2.9781e-02],
        [ 1.4025e-02, -2.6060e-02,  1.0000e+00, -3.4026e-02,  8.6356e-02],
        [ 5.7831e-02, -4.9729e-05, -3.4026e-02,  1.0000e+00, -3.7429e-02],
        [ 3.3125e-02, -2.9781e-02,  8.6356e-02, -3.7429e-02,  1.0000e+00]])
scales: 0.43 +- 0.07
dk: 0.052
K
tensor([[ 1.0000, -0.0164,  0.0069, -0.1228,  0.0592],
        [-0.0164,  1.0000, -0.0687, -0.0496, -0.0381],
        [ 0.0069, -0.0687,  1.0000,  0.0032, -0.0506],
        [-0.1228, -0.0496,  0.0032,  1.0000, -0.0098],
        [ 0.0592, -0.0381, -0.0506, -0.0098,  1.0000]])
target K
tensor([[ 1.0000, -0.0487, -0.0129,  0.0061, -0.0432],
        [-0.0487,  1.0000, -0.0112, -0.0104,  0.0045],
        [-0.0129, -0.0112,  1.0000, -0.0015, -0.0465],
        [ 0.0061, -0.0104, -0.0015,  1.0000, -0.0272],
        [-0.0432,  0.0045, -0.0465, -0.0272,  1.0000]])
scales: 0.43 +- 0.07
dk: 0.051
K
tensor([[ 1.0000, -0.0270, -0.1109, -0.0741, -0.0864],
        [-0.0270,  1.0000,  0.0146,  0.0102,  0.0459],
        [-0.1109,  0.0146,  1.0000, -0.0085, -0.0340],
        [-0.0741,  0.0102, -0.0085,  1.0000,  0.0858],
        [-0.0864,  0.0459, -0.0340,  0.0858,  1.0000]])
target K
tensor([[ 1.0000, -0.0269, -0.0656, -0.0753, -0.0287],
        [-0.0269,  1.0000, -0.0589,  0.0328, -0.0352],
        [-0.0656, -0.0589,  1.0000, -0.0142, -0.0362],
        [-0.0753,  0.0328, -0.0142,  1.0000,  0.0343],
        [-0.0287, -0.0352, -0.0362,  0.0343,  1.0000]])
scales: 0.43 +- 0.07
dk: 0.051
K
tensor([[ 1.0000, -0.0617,  0.0491, -0.0527, -0.0497],
        [-0.0617,  1.0000, -0.0433,  0.0145, -0.0950],
        [ 0.0491, -0.0433,  1.0000, -0.0518, -0.0475],
        [-0.0527,  0.0145, -0.0518,  1.0000,  0.0114],
        [-0.0497, -0.0950, -0.0475,  0.0114,  1.0000]])
target K
tensor([[ 1.0000, -0.0518,  0.0199, -0.0144, -0.0232],
        [-0.0518,  1.0000, -0.0453, -0.0080,  0.0261],
        [ 0.0199, -0.0453,  1.0000, -0.0119, -0.0661],
        [-0.0144, -0.0080, -0.0119,  1.0000,  0.0302],
        [-0.0232,  0.0261, -0.0661,  0.0302,  1.0000]])
scales: 0.43 +- 0.07
dk: 0.052
K
tensor([[ 1.0000, -0.0576,  0.0252, -0.0432,  0.0052],
        [-0.0576,  1.0000, -0.0431, -0.0507, -0.0389],
        [ 0.0252, -0.0431,  1.0000, -0.0591, -0.0119],
        [-0.0432, -0.0507, -0.0591,  1.0000,  0.0204],
        [ 0.0052, -0.0389, -0.0119,  0.0204,  1.0000]])
target K
tensor([[ 1.0000e+00,  3.7740e-03, -1.4517e-02, -2.9112e-02,  6.9437e-04],
        [ 3.7740e-03,  1.0000e+00, -3.2135e-03, -2.5018e-03, -4.6129e-03],
        [-1.4517e-02, -3.2135e-03,  1.0000e+00, -5.6389e-02, -2.1801e-02],
        [-2.9112e-02, -2.5018e-03, -5.6389e-02,  1.0000e+00, -5.3739e-02],
        [ 6.9437e-04, -4.6129e-03, -2.1801e-02, -5.3739e-02,  1.0000e+00]])
scales: 0.42 +- 0.07
dk: 0.049
K
tensor([[ 1.0000,  0.0366, -0.0059,  0.0123, -0.0435],
        [ 0.0366,  1.0000, -0.0015,  0.0960,  0.4575],
        [-0.0059, -0.0015,  1.0000, -0.0118,  0.0098],
        [ 0.0123,  0.0960, -0.0118,  1.0000, -0.0118],
        [-0.0435,  0.4575,  0.0098, -0.0118,  1.0000]])
target K
tensor([[ 1.0000,  0.0272, -0.0133, -0.0055, -0.0536],
        [ 0.0272,  1.0000, -0.0431, -0.0120,  0.2360],
        [-0.0133, -0.0431,  1.0000, -0.0100, -0.0320],
        [-0.0055, -0.0120, -0.0100,  1.0000,  0.0413],
        [-0.0536,  0.2360, -0.0320,  0.0413,  1.0000]])
scales: 0.42 +- 0.07
dk: 0.049
Finished training, evaluating...
Final test acc: 88.440
