--------------------------------------------------------------------------------
model_class: vit_small_patch16_224.augreg_in1k
train_frac: 1
use_val: False
method: aft
steps: 5000
eval_steps: 500
prec: 0
pretrained_models: vit_base_patch14_dinov2.lvd142m
init_model: vit_small_patch16_224.augreg_in1k
optimizer: adam
lr: 0.0001
wd: 0
learn_scales: True
prior_lr: 0.01
prior_freq: 1
prior_pretrain_steps: 0
ckpt_dir: None
seed: 0
use_wandb: False
run_name: None
no_augment: True
cache: False
batch_size: 128
dataset: cifar100
kwargs: {}
--------------------------------------------------------------------------------
Train transform:
Compose(
    Resize(size=248, interpolation=bicubic, max_size=None, antialias=warn)
    CenterCrop(size=(224, 224))
    MaybeToTensor()
    Normalize(mean=tensor([0.5000, 0.5000, 0.5000]), std=tensor([0.5000, 0.5000, 0.5000]))
)
Test transform:
Compose(
    Resize(size=248, interpolation=bicubic, max_size=None, antialias=warn)
    CenterCrop(size=(224, 224))
    MaybeToTensor()
    Normalize(mean=tensor([0.5000, 0.5000, 0.5000]), std=tensor([0.5000, 0.5000, 0.5000]))
)
Files already downloaded and verified
Files already downloaded and verified
Training set size: 50000
Validation set size: 0
Train transform:
Compose(
    Resize(size=248, interpolation=bicubic, max_size=None, antialias=warn)
    CenterCrop(size=(224, 224))
    MaybeToTensor()
    Normalize(mean=tensor([0.5000, 0.5000, 0.5000]), std=tensor([0.5000, 0.5000, 0.5000]))
)
Test transform:
Compose(
    Resize(size=248, interpolation=bicubic, max_size=None, antialias=warn)
    CenterCrop(size=(224, 224))
    MaybeToTensor()
    Normalize(mean=tensor([0.5000, 0.5000, 0.5000]), std=tensor([0.5000, 0.5000, 0.5000]))
)
Files already downloaded and verified
Files already downloaded and verified
Pretrained models: ['vit_base_patch14_dinov2.lvd142m']
Feature dims: [768]
Feature dataset: torch.Size([50000, 768])
Feature dims: [768]
Feature dataset: torch.Size([0, 768])
Feature dims: [768]
Feature dataset: torch.Size([10000, 768])
Init model: vit_small_patch16_224.augreg_in1k
Using timm pretrained model
KernelPrior: params / constraints = 6.1e-07
Trainable parameters: 22M
Optimizer: adam
Not loading: ['classifier.weight', 'classifier.bias']
K
tensor([[ 1.0000,  0.0146, -0.0981, -0.1744, -0.1723],
        [ 0.0146,  1.0000, -0.0384, -0.1109,  0.0035],
        [-0.0981, -0.0384,  1.0000,  0.0372, -0.0222],
        [-0.1744, -0.1109,  0.0372,  1.0000,  0.0708],
        [-0.1723,  0.0035, -0.0222,  0.0708,  1.0000]])
target K
tensor([[ 1.0000, -0.0278, -0.0436, -0.0302, -0.0163],
        [-0.0278,  1.0000, -0.0510, -0.0585,  0.0149],
        [-0.0436, -0.0510,  1.0000,  0.0068, -0.0984],
        [-0.0302, -0.0585,  0.0068,  1.0000,  0.0399],
        [-0.0163,  0.0149, -0.0984,  0.0399,  1.0000]])
scales: 0.50 +- 0.00
dk: 0.108
K
tensor([[ 1.0000,  0.0074, -0.0482,  0.0496,  0.1170],
        [ 0.0074,  1.0000, -0.0807, -0.0280, -0.0747],
        [-0.0482, -0.0807,  1.0000,  0.0268, -0.0684],
        [ 0.0496, -0.0280,  0.0268,  1.0000, -0.1317],
        [ 0.1170, -0.0747, -0.0684, -0.1317,  1.0000]])
target K
tensor([[ 1.0000, -0.0563, -0.0380, -0.1052,  0.0321],
        [-0.0563,  1.0000, -0.0011, -0.0845, -0.0217],
        [-0.0380, -0.0011,  1.0000, -0.0211, -0.0723],
        [-0.1052, -0.0845, -0.0211,  1.0000,  0.0081],
        [ 0.0321, -0.0217, -0.0723,  0.0081,  1.0000]])
scales: 0.50 +- 0.00
dk: 0.096
K
tensor([[ 1.0000, -0.1203,  0.0258, -0.0508, -0.0159],
        [-0.1203,  1.0000,  0.0530,  0.1065,  0.1293],
        [ 0.0258,  0.0530,  1.0000,  0.0677, -0.1462],
        [-0.0508,  0.1065,  0.0677,  1.0000, -0.0475],
        [-0.0159,  0.1293, -0.1462, -0.0475,  1.0000]])
target K
tensor([[ 1.0000, -0.0170, -0.0101,  0.0299, -0.0174],
        [-0.0170,  1.0000,  0.0764, -0.0376,  0.0974],
        [-0.0101,  0.0764,  1.0000,  0.0231,  0.0185],
        [ 0.0299, -0.0376,  0.0231,  1.0000, -0.0323],
        [-0.0174,  0.0974,  0.0185, -0.0323,  1.0000]])
scales: 0.50 +- 0.00
dk: 0.093
K
tensor([[ 1.0000, -0.0789, -0.0190, -0.0037, -0.0045],
        [-0.0789,  1.0000, -0.0389, -0.0327, -0.0283],
        [-0.0190, -0.0389,  1.0000, -0.0480, -0.0710],
        [-0.0037, -0.0327, -0.0480,  1.0000,  0.9441],
        [-0.0045, -0.0283, -0.0710,  0.9441,  1.0000]])
target K
tensor([[ 1.0000, -0.0115,  0.0321,  0.0424,  0.0727],
        [-0.0115,  1.0000,  0.0474, -0.0640, -0.0549],
        [ 0.0321,  0.0474,  1.0000, -0.0664,  0.0265],
        [ 0.0424, -0.0640, -0.0664,  1.0000,  0.6260],
        [ 0.0727, -0.0549,  0.0265,  0.6260,  1.0000]])
scales: 0.50 +- 0.00
dk: 0.093
K
tensor([[ 1.0000,  0.0096,  0.0196, -0.0579,  0.0532],
        [ 0.0096,  1.0000, -0.1239,  0.0498, -0.0853],
        [ 0.0196, -0.1239,  1.0000, -0.0516,  0.1102],
        [-0.0579,  0.0498, -0.0516,  1.0000, -0.0440],
        [ 0.0532, -0.0853,  0.1102, -0.0440,  1.0000]])
target K
tensor([[ 1.0000,  0.0225,  0.0337,  0.0795,  0.0434],
        [ 0.0225,  1.0000, -0.0092, -0.0013, -0.0523],
        [ 0.0337, -0.0092,  1.0000, -0.0377,  0.1138],
        [ 0.0795, -0.0013, -0.0377,  1.0000, -0.0351],
        [ 0.0434, -0.0523,  0.1138, -0.0351,  1.0000]])
scales: 0.50 +- 0.00
dk: 0.092
K
tensor([[ 1.0000, -0.0234, -0.0235, -0.1356, -0.0199],
        [-0.0234,  1.0000,  0.0158,  0.0779,  0.0227],
        [-0.0235,  0.0158,  1.0000,  0.0599, -0.0134],
        [-0.1356,  0.0779,  0.0599,  1.0000, -0.1001],
        [-0.0199,  0.0227, -0.0134, -0.1001,  1.0000]])
target K
tensor([[ 1.0000, -0.0589, -0.0179,  0.0066, -0.0684],
        [-0.0589,  1.0000, -0.0235, -0.0235,  0.0031],
        [-0.0179, -0.0235,  1.0000,  0.0052, -0.0862],
        [ 0.0066, -0.0235,  0.0052,  1.0000, -0.0259],
        [-0.0684,  0.0031, -0.0862, -0.0259,  1.0000]])
scales: 0.50 +- 0.00
dk: 0.093
K
tensor([[ 1.0000, -0.0883, -0.0788, -0.0410, -0.1521],
        [-0.0883,  1.0000, -0.0125, -0.0683, -0.0234],
        [-0.0788, -0.0125,  1.0000,  0.0108, -0.0380],
        [-0.0410, -0.0683,  0.0108,  1.0000,  0.2117],
        [-0.1521, -0.0234, -0.0380,  0.2117,  1.0000]])
target K
tensor([[ 1.0000, -0.0296, -0.0766, -0.1190, -0.0353],
        [-0.0296,  1.0000, -0.0745,  0.0375, -0.0555],
        [-0.0766, -0.0745,  1.0000, -0.0182, -0.0764],
        [-0.1190,  0.0375, -0.0182,  1.0000,  0.0110],
        [-0.0353, -0.0555, -0.0764,  0.0110,  1.0000]])
scales: 0.50 +- 0.00
dk: 0.099
K
tensor([[ 1.0000, -0.1928,  0.0190,  0.0658, -0.0269],
        [-0.1928,  1.0000, -0.1043, -0.1276, -0.0794],
        [ 0.0190, -0.1043,  1.0000, -0.1676, -0.0432],
        [ 0.0658, -0.1276, -0.1676,  1.0000,  0.0599],
        [-0.0269, -0.0794, -0.0432,  0.0599,  1.0000]])
target K
tensor([[ 1.0000, -0.0671,  0.0346, -0.0561, -0.0566],
        [-0.0671,  1.0000, -0.0690,  0.0124,  0.0291],
        [ 0.0346, -0.0690,  1.0000, -0.0086, -0.0719],
        [-0.0561,  0.0124, -0.0086,  1.0000,  0.0480],
        [-0.0566,  0.0291, -0.0719,  0.0480,  1.0000]])
scales: 0.50 +- 0.00
dk: 0.098
K
tensor([[ 1.0000, -0.0433, -0.0663, -0.1083,  0.0537],
        [-0.0433,  1.0000, -0.0450, -0.0955,  0.0038],
        [-0.0663, -0.0450,  1.0000, -0.0906, -0.0262],
        [-0.1083, -0.0955, -0.0906,  1.0000, -0.1028],
        [ 0.0537,  0.0038, -0.0262, -0.1028,  1.0000]])
target K
tensor([[ 1.0000e+00,  3.5594e-02, -2.4143e-02, -4.7075e-02,  2.9743e-02],
        [ 3.5594e-02,  1.0000e+00, -8.1519e-04,  1.5358e-02, -7.7160e-03],
        [-2.4143e-02, -8.1519e-04,  1.0000e+00, -4.5381e-02, -6.9629e-03],
        [-4.7075e-02,  1.5358e-02, -4.5381e-02,  1.0000e+00, -6.6584e-02],
        [ 2.9743e-02, -7.7160e-03, -6.9629e-03, -6.6584e-02,  1.0000e+00]])
scales: 0.50 +- 0.00
dk: 0.091
K
tensor([[ 1.0000,  0.0492, -0.0675,  0.1359,  0.0146],
        [ 0.0492,  1.0000, -0.0965,  0.0303,  0.7972],
        [-0.0675, -0.0965,  1.0000, -0.1126, -0.0970],
        [ 0.1359,  0.0303, -0.1126,  1.0000,  0.0018],
        [ 0.0146,  0.7972, -0.0970,  0.0018,  1.0000]])
target K
tensor([[ 1.0000,  0.0333, -0.0357, -0.0157, -0.0880],
        [ 0.0333,  1.0000, -0.0345, -0.0345,  0.3615],
        [-0.0357, -0.0345,  1.0000, -0.0326, -0.0515],
        [-0.0157, -0.0345, -0.0326,  1.0000,  0.0636],
        [-0.0880,  0.3615, -0.0515,  0.0636,  1.0000]])
scales: 0.50 +- 0.00
dk: 0.093
Finished training, evaluating...
Final test acc: 88.300
