--------------------------------------------------------------------------------
model_class: vit_small_patch16_224.augreg_in1k
train_frac: 1
use_val: False
method: aft
steps: 5000
eval_steps: 500
prec: 10
pretrained_models: vit_base_patch14_dinov2.lvd142m
init_model: vit_small_patch16_224.augreg_in1k
optimizer: adam
lr: 0.0001
wd: 0
learn_scales: False
prior_lr: 0.01
prior_freq: 1
prior_pretrain_steps: 0
ckpt_dir: None
seed: 0
use_wandb: False
run_name: None
no_augment: True
cache: False
batch_size: 128
dataset: cifar100
kwargs: {}
--------------------------------------------------------------------------------
Train transform:
Compose(
    Resize(size=248, interpolation=bicubic, max_size=None, antialias=warn)
    CenterCrop(size=(224, 224))
    MaybeToTensor()
    Normalize(mean=tensor([0.5000, 0.5000, 0.5000]), std=tensor([0.5000, 0.5000, 0.5000]))
)
Test transform:
Compose(
    Resize(size=248, interpolation=bicubic, max_size=None, antialias=warn)
    CenterCrop(size=(224, 224))
    MaybeToTensor()
    Normalize(mean=tensor([0.5000, 0.5000, 0.5000]), std=tensor([0.5000, 0.5000, 0.5000]))
)
Files already downloaded and verified
Files already downloaded and verified
Training set size: 50000
Validation set size: 0
Train transform:
Compose(
    Resize(size=248, interpolation=bicubic, max_size=None, antialias=warn)
    CenterCrop(size=(224, 224))
    MaybeToTensor()
    Normalize(mean=tensor([0.5000, 0.5000, 0.5000]), std=tensor([0.5000, 0.5000, 0.5000]))
)
Test transform:
Compose(
    Resize(size=248, interpolation=bicubic, max_size=None, antialias=warn)
    CenterCrop(size=(224, 224))
    MaybeToTensor()
    Normalize(mean=tensor([0.5000, 0.5000, 0.5000]), std=tensor([0.5000, 0.5000, 0.5000]))
)
Files already downloaded and verified
Files already downloaded and verified
Pretrained models: ['vit_base_patch14_dinov2.lvd142m']
Feature dims: [768]
Feature dataset: torch.Size([50000, 768])
Feature dims: [768]
Feature dataset: torch.Size([0, 768])
Feature dims: [768]
Feature dataset: torch.Size([10000, 768])
Init model: vit_small_patch16_224.augreg_in1k
Using timm pretrained model
KernelPrior: params / constraints = 0
Trainable parameters: 22M
Optimizer: adam
Not loading: ['classifier.weight', 'classifier.bias']
K
tensor([[ 1.0000, -0.0628, -0.0197,  0.0618, -0.0710],
        [-0.0628,  1.0000, -0.0636, -0.0749,  0.0247],
        [-0.0197, -0.0636,  1.0000, -0.0363, -0.0327],
        [ 0.0618, -0.0749, -0.0363,  1.0000, -0.0756],
        [-0.0710,  0.0247, -0.0327, -0.0756,  1.0000]])
target K
tensor([[ 1.0000, -0.0278, -0.0436, -0.0302, -0.0163],
        [-0.0278,  1.0000, -0.0510, -0.0585,  0.0149],
        [-0.0436, -0.0510,  1.0000,  0.0068, -0.0984],
        [-0.0302, -0.0585,  0.0068,  1.0000,  0.0399],
        [-0.0163,  0.0149, -0.0984,  0.0399,  1.0000]])
scales: 0.50 +- 0.00
dk: 0.066
K
tensor([[ 1.0000e+00,  1.7378e-02, -1.5451e-04, -1.4002e-02,  5.6123e-02],
        [ 1.7378e-02,  1.0000e+00, -4.0710e-02,  1.3348e-02, -6.6278e-02],
        [-1.5451e-04, -4.0710e-02,  1.0000e+00,  2.8353e-02, -1.1583e-01],
        [-1.4002e-02,  1.3348e-02,  2.8353e-02,  1.0000e+00, -1.1184e-01],
        [ 5.6123e-02, -6.6278e-02, -1.1583e-01, -1.1184e-01,  1.0000e+00]])
target K
tensor([[ 1.0000, -0.0563, -0.0380, -0.1052,  0.0321],
        [-0.0563,  1.0000, -0.0011, -0.0845, -0.0217],
        [-0.0380, -0.0011,  1.0000, -0.0211, -0.0723],
        [-0.1052, -0.0845, -0.0211,  1.0000,  0.0081],
        [ 0.0321, -0.0217, -0.0723,  0.0081,  1.0000]])
scales: 0.50 +- 0.00
dk: 0.063
K
tensor([[ 1.0000, -0.0234,  0.0275,  0.0205, -0.0132],
        [-0.0234,  1.0000, -0.0684, -0.0517,  0.0235],
        [ 0.0275, -0.0684,  1.0000,  0.0628,  0.0456],
        [ 0.0205, -0.0517,  0.0628,  1.0000,  0.0181],
        [-0.0132,  0.0235,  0.0456,  0.0181,  1.0000]])
target K
tensor([[ 1.0000, -0.0170, -0.0101,  0.0299, -0.0174],
        [-0.0170,  1.0000,  0.0764, -0.0376,  0.0974],
        [-0.0101,  0.0764,  1.0000,  0.0231,  0.0185],
        [ 0.0299, -0.0376,  0.0231,  1.0000, -0.0323],
        [-0.0174,  0.0974,  0.0185, -0.0323,  1.0000]])
scales: 0.50 +- 0.00
dk: 0.057
K
tensor([[ 1.0000, -0.0870,  0.0615,  0.0228,  0.0376],
        [-0.0870,  1.0000, -0.0678, -0.0097, -0.0425],
        [ 0.0615, -0.0678,  1.0000, -0.0202, -0.0470],
        [ 0.0228, -0.0097, -0.0202,  1.0000,  0.8789],
        [ 0.0376, -0.0425, -0.0470,  0.8789,  1.0000]])
target K
tensor([[ 1.0000, -0.0115,  0.0321,  0.0424,  0.0727],
        [-0.0115,  1.0000,  0.0474, -0.0640, -0.0549],
        [ 0.0321,  0.0474,  1.0000, -0.0664,  0.0265],
        [ 0.0424, -0.0640, -0.0664,  1.0000,  0.6260],
        [ 0.0727, -0.0549,  0.0265,  0.6260,  1.0000]])
scales: 0.50 +- 0.00
dk: 0.058
K
tensor([[ 1.0000, -0.0157,  0.0134,  0.0748, -0.0342],
        [-0.0157,  1.0000, -0.0689,  0.0092,  0.0161],
        [ 0.0134, -0.0689,  1.0000, -0.0742, -0.0183],
        [ 0.0748,  0.0092, -0.0742,  1.0000, -0.0395],
        [-0.0342,  0.0161, -0.0183, -0.0395,  1.0000]])
target K
tensor([[ 1.0000,  0.0225,  0.0337,  0.0795,  0.0434],
        [ 0.0225,  1.0000, -0.0092, -0.0013, -0.0523],
        [ 0.0337, -0.0092,  1.0000, -0.0377,  0.1138],
        [ 0.0795, -0.0013, -0.0377,  1.0000, -0.0351],
        [ 0.0434, -0.0523,  0.1138, -0.0351,  1.0000]])
scales: 0.50 +- 0.00
dk: 0.055
K
tensor([[ 1.0000,  0.0339,  0.0073, -0.0662,  0.0052],
        [ 0.0339,  1.0000, -0.0399, -0.0622, -0.0488],
        [ 0.0073, -0.0399,  1.0000, -0.0068, -0.0470],
        [-0.0662, -0.0622, -0.0068,  1.0000, -0.0224],
        [ 0.0052, -0.0488, -0.0470, -0.0224,  1.0000]])
target K
tensor([[ 1.0000, -0.0589, -0.0179,  0.0066, -0.0684],
        [-0.0589,  1.0000, -0.0235, -0.0235,  0.0031],
        [-0.0179, -0.0235,  1.0000,  0.0052, -0.0862],
        [ 0.0066, -0.0235,  0.0052,  1.0000, -0.0259],
        [-0.0684,  0.0031, -0.0862, -0.0259,  1.0000]])
scales: 0.50 +- 0.00
dk: 0.055
K
tensor([[ 1.0000,  0.0328, -0.1052, -0.0737, -0.1077],
        [ 0.0328,  1.0000,  0.0048,  0.0484,  0.0114],
        [-0.1052,  0.0048,  1.0000, -0.0140, -0.0560],
        [-0.0737,  0.0484, -0.0140,  1.0000,  0.0643],
        [-0.1077,  0.0114, -0.0560,  0.0643,  1.0000]])
target K
tensor([[ 1.0000, -0.0296, -0.0766, -0.1190, -0.0353],
        [-0.0296,  1.0000, -0.0745,  0.0375, -0.0555],
        [-0.0766, -0.0745,  1.0000, -0.0182, -0.0764],
        [-0.1190,  0.0375, -0.0182,  1.0000,  0.0110],
        [-0.0353, -0.0555, -0.0764,  0.0110,  1.0000]])
scales: 0.50 +- 0.00
dk: 0.054
K
tensor([[ 1.0000, -0.0700, -0.0194, -0.0357, -0.0246],
        [-0.0700,  1.0000, -0.0312,  0.0129, -0.1002],
        [-0.0194, -0.0312,  1.0000, -0.0749, -0.0047],
        [-0.0357,  0.0129, -0.0749,  1.0000, -0.0339],
        [-0.0246, -0.1002, -0.0047, -0.0339,  1.0000]])
target K
tensor([[ 1.0000, -0.0671,  0.0346, -0.0561, -0.0566],
        [-0.0671,  1.0000, -0.0690,  0.0124,  0.0291],
        [ 0.0346, -0.0690,  1.0000, -0.0086, -0.0719],
        [-0.0561,  0.0124, -0.0086,  1.0000,  0.0480],
        [-0.0566,  0.0291, -0.0719,  0.0480,  1.0000]])
scales: 0.50 +- 0.00
dk: 0.055
K
tensor([[ 1.0000,  0.0184, -0.0061, -0.0471, -0.0321],
        [ 0.0184,  1.0000, -0.0442, -0.0131, -0.0911],
        [-0.0061, -0.0442,  1.0000, -0.0983, -0.0297],
        [-0.0471, -0.0131, -0.0983,  1.0000,  0.0042],
        [-0.0321, -0.0911, -0.0297,  0.0042,  1.0000]])
target K
tensor([[ 1.0000e+00,  3.5594e-02, -2.4143e-02, -4.7075e-02,  2.9743e-02],
        [ 3.5594e-02,  1.0000e+00, -8.1519e-04,  1.5358e-02, -7.7160e-03],
        [-2.4143e-02, -8.1519e-04,  1.0000e+00, -4.5381e-02, -6.9629e-03],
        [-4.7075e-02,  1.5358e-02, -4.5381e-02,  1.0000e+00, -6.6584e-02],
        [ 2.9743e-02, -7.7160e-03, -6.9629e-03, -6.6584e-02,  1.0000e+00]])
scales: 0.50 +- 0.00
dk: 0.051
K
tensor([[ 1.0000e+00,  3.4554e-02, -3.2232e-03, -1.0810e-02, -1.0847e-01],
        [ 3.4554e-02,  1.0000e+00, -1.0693e-03,  7.9215e-02,  5.2468e-01],
        [-3.2232e-03, -1.0693e-03,  1.0000e+00, -2.9980e-02, -2.2570e-02],
        [-1.0810e-02,  7.9215e-02, -2.9980e-02,  1.0000e+00,  9.6738e-05],
        [-1.0847e-01,  5.2468e-01, -2.2570e-02,  9.6738e-05,  1.0000e+00]])
target K
tensor([[ 1.0000,  0.0333, -0.0357, -0.0157, -0.0880],
        [ 0.0333,  1.0000, -0.0345, -0.0345,  0.3615],
        [-0.0357, -0.0345,  1.0000, -0.0326, -0.0515],
        [-0.0157, -0.0345, -0.0326,  1.0000,  0.0636],
        [-0.0880,  0.3615, -0.0515,  0.0636,  1.0000]])
scales: 0.50 +- 0.00
dk: 0.052
Finished training, evaluating...
Final test acc: 88.620
