--------------------------------------------------------------------------------
model_class: vit_small_patch16_224.augreg_in1k
train_frac: 1
use_val: False
method: aft
steps: 5000
eval_steps: 500
prec: 10
pretrained_models: vit_base_patch14_dinov2.lvd142m
init_model: vit_small_patch16_224.augreg_in1k
optimizer: adam
lr: 0.0001
wd: 0
learn_scales: True
prior_lr: 0.01
prior_freq: 1
prior_pretrain_steps: 0
ckpt_dir: None
seed: 0
use_wandb: False
run_name: None
no_augment: True
cache: False
batch_size: 128
dataset: cifar100
kwargs: {}
--------------------------------------------------------------------------------
Train transform:
Compose(
    Resize(size=248, interpolation=bicubic, max_size=None, antialias=warn)
    CenterCrop(size=(224, 224))
    MaybeToTensor()
    Normalize(mean=tensor([0.5000, 0.5000, 0.5000]), std=tensor([0.5000, 0.5000, 0.5000]))
)
Test transform:
Compose(
    Resize(size=248, interpolation=bicubic, max_size=None, antialias=warn)
    CenterCrop(size=(224, 224))
    MaybeToTensor()
    Normalize(mean=tensor([0.5000, 0.5000, 0.5000]), std=tensor([0.5000, 0.5000, 0.5000]))
)
Files already downloaded and verified
Files already downloaded and verified
Training set size: 50000
Validation set size: 0
Train transform:
Compose(
    Resize(size=248, interpolation=bicubic, max_size=None, antialias=warn)
    CenterCrop(size=(224, 224))
    MaybeToTensor()
    Normalize(mean=tensor([0.5000, 0.5000, 0.5000]), std=tensor([0.5000, 0.5000, 0.5000]))
)
Test transform:
Compose(
    Resize(size=248, interpolation=bicubic, max_size=None, antialias=warn)
    CenterCrop(size=(224, 224))
    MaybeToTensor()
    Normalize(mean=tensor([0.5000, 0.5000, 0.5000]), std=tensor([0.5000, 0.5000, 0.5000]))
)
Files already downloaded and verified
Files already downloaded and verified
Pretrained models: ['vit_base_patch14_dinov2.lvd142m']
Feature dims: [768]
Feature dataset: torch.Size([50000, 768])
Feature dims: [768]
Feature dataset: torch.Size([0, 768])
Feature dims: [768]
Feature dataset: torch.Size([10000, 768])
Init model: vit_small_patch16_224.augreg_in1k
Using timm pretrained model
KernelPrior: params / constraints = 6.1e-07
Trainable parameters: 22M
Optimizer: adam
Not loading: ['classifier.weight', 'classifier.bias']
K
tensor([[ 1.0000, -0.1282,  0.0095,  0.0625, -0.0511],
        [-0.1282,  1.0000, -0.0341, -0.0868,  0.0103],
        [ 0.0095, -0.0341,  1.0000, -0.0212, -0.0170],
        [ 0.0625, -0.0868, -0.0212,  1.0000, -0.0489],
        [-0.0511,  0.0103, -0.0170, -0.0489,  1.0000]])
target K
tensor([[ 1.0000, -0.0313, -0.0544, -0.0341, -0.0189],
        [-0.0313,  1.0000, -0.0615, -0.0586,  0.0154],
        [-0.0544, -0.0615,  1.0000,  0.0182, -0.0954],
        [-0.0341, -0.0586,  0.0182,  1.0000,  0.0438],
        [-0.0189,  0.0154, -0.0954,  0.0438,  1.0000]])
scales: 0.48 +- 0.07
dk: 0.066
K
tensor([[ 1.0000,  0.0514, -0.0218, -0.0273, -0.0497],
        [ 0.0514,  1.0000, -0.0811,  0.0238, -0.0159],
        [-0.0218, -0.0811,  1.0000,  0.0307, -0.1221],
        [-0.0273,  0.0238,  0.0307,  1.0000, -0.0826],
        [-0.0497, -0.0159, -0.1221, -0.0826,  1.0000]])
target K
tensor([[ 1.0000e+00, -6.0600e-02, -3.2378e-02, -1.0621e-01,  3.7282e-02],
        [-6.0600e-02,  1.0000e+00, -8.5074e-03, -8.4972e-02, -2.6105e-02],
        [-3.2378e-02, -8.5074e-03,  1.0000e+00, -3.5212e-03, -7.3516e-02],
        [-1.0621e-01, -8.4972e-02, -3.5212e-03,  1.0000e+00,  2.4888e-04],
        [ 3.7282e-02, -2.6105e-02, -7.3516e-02,  2.4888e-04,  1.0000e+00]])
scales: 0.49 +- 0.06
dk: 0.062
K
tensor([[ 1.0000, -0.0855,  0.0330,  0.0324, -0.0333],
        [-0.0855,  1.0000, -0.0727, -0.0730,  0.0621],
        [ 0.0330, -0.0727,  1.0000,  0.0748, -0.0088],
        [ 0.0324, -0.0730,  0.0748,  1.0000, -0.0358],
        [-0.0333,  0.0621, -0.0088, -0.0358,  1.0000]])
target K
tensor([[ 1.0000, -0.0277, -0.0102,  0.0326, -0.0143],
        [-0.0277,  1.0000,  0.0819, -0.0266,  0.0829],
        [-0.0102,  0.0819,  1.0000,  0.0287,  0.0038],
        [ 0.0326, -0.0266,  0.0287,  1.0000, -0.0393],
        [-0.0143,  0.0829,  0.0038, -0.0393,  1.0000]])
scales: 0.49 +- 0.06
dk: 0.056
K
tensor([[ 1.0000, -0.0604,  0.1180,  0.0585,  0.0817],
        [-0.0604,  1.0000, -0.0618, -0.0185, -0.0533],
        [ 0.1180, -0.0618,  1.0000, -0.0026, -0.0470],
        [ 0.0585, -0.0185, -0.0026,  1.0000,  0.8863],
        [ 0.0817, -0.0533, -0.0470,  0.8863,  1.0000]])
target K
tensor([[ 1.0000, -0.0086,  0.0502,  0.0660,  0.0955],
        [-0.0086,  1.0000,  0.0291, -0.0621, -0.0591],
        [ 0.0502,  0.0291,  1.0000, -0.0554,  0.0354],
        [ 0.0660, -0.0621, -0.0554,  1.0000,  0.6400],
        [ 0.0955, -0.0591,  0.0354,  0.6400,  1.0000]])
scales: 0.49 +- 0.06
dk: 0.056
K
tensor([[ 1.0000e+00,  4.4819e-04,  2.0907e-02,  8.0655e-02, -1.7734e-02],
        [ 4.4819e-04,  1.0000e+00, -7.1031e-02, -2.1655e-02,  7.7720e-03],
        [ 2.0907e-02, -7.1031e-02,  1.0000e+00, -7.0556e-02,  7.7862e-03],
        [ 8.0655e-02, -2.1655e-02, -7.0556e-02,  1.0000e+00, -4.9281e-02],
        [-1.7734e-02,  7.7720e-03,  7.7862e-03, -4.9281e-02,  1.0000e+00]])
target K
tensor([[ 1.0000,  0.0248,  0.0278,  0.0808,  0.0556],
        [ 0.0248,  1.0000, -0.0334,  0.0107, -0.0518],
        [ 0.0278, -0.0334,  1.0000, -0.0384,  0.1252],
        [ 0.0808,  0.0107, -0.0384,  1.0000, -0.0314],
        [ 0.0556, -0.0518,  0.1252, -0.0314,  1.0000]])
scales: 0.49 +- 0.07
dk: 0.054
K
tensor([[ 1.0000,  0.0043, -0.0348, -0.0680,  0.0069],
        [ 0.0043,  1.0000, -0.0456, -0.0428, -0.0237],
        [-0.0348, -0.0456,  1.0000,  0.0165, -0.0643],
        [-0.0680, -0.0428,  0.0165,  1.0000, -0.0335],
        [ 0.0069, -0.0237, -0.0643, -0.0335,  1.0000]])
target K
tensor([[ 1.0000, -0.0692, -0.0144,  0.0108, -0.0723],
        [-0.0692,  1.0000, -0.0244, -0.0060,  0.0091],
        [-0.0144, -0.0244,  1.0000, -0.0076, -0.0861],
        [ 0.0108, -0.0060, -0.0076,  1.0000, -0.0301],
        [-0.0723,  0.0091, -0.0861, -0.0301,  1.0000]])
scales: 0.49 +- 0.07
dk: 0.054
K
tensor([[ 1.0000, -0.0303, -0.1174, -0.0746, -0.1157],
        [-0.0303,  1.0000,  0.0080,  0.0476, -0.0011],
        [-0.1174,  0.0080,  1.0000,  0.0011, -0.0401],
        [-0.0746,  0.0476,  0.0011,  1.0000,  0.0895],
        [-0.1157, -0.0011, -0.0401,  0.0895,  1.0000]])
target K
tensor([[ 1.0000, -0.0265, -0.0906, -0.1136, -0.0372],
        [-0.0265,  1.0000, -0.0823,  0.0395, -0.0654],
        [-0.0906, -0.0823,  1.0000, -0.0229, -0.0790],
        [-0.1136,  0.0395, -0.0229,  1.0000,  0.0382],
        [-0.0372, -0.0654, -0.0790,  0.0382,  1.0000]])
scales: 0.49 +- 0.07
dk: 0.053
K
tensor([[ 1.0000, -0.0855,  0.0326, -0.0411, -0.0583],
        [-0.0855,  1.0000, -0.0526, -0.0068, -0.0614],
        [ 0.0326, -0.0526,  1.0000, -0.0090, -0.0010],
        [-0.0411, -0.0068, -0.0090,  1.0000, -0.0216],
        [-0.0583, -0.0614, -0.0010, -0.0216,  1.0000]])
target K
tensor([[ 1.0000e+00, -7.5728e-02,  3.3620e-02, -4.9843e-02, -4.3660e-02],
        [-7.5728e-02,  1.0000e+00, -6.8221e-02,  1.0168e-04,  3.3669e-02],
        [ 3.3620e-02, -6.8221e-02,  1.0000e+00, -5.7420e-03, -7.0898e-02],
        [-4.9843e-02,  1.0168e-04, -5.7420e-03,  1.0000e+00,  4.4647e-02],
        [-4.3660e-02,  3.3669e-02, -7.0898e-02,  4.4647e-02,  1.0000e+00]])
scales: 0.49 +- 0.07
dk: 0.054
K
tensor([[ 1.0000, -0.0175,  0.0045, -0.0746, -0.0167],
        [-0.0175,  1.0000, -0.0483, -0.0346, -0.0792],
        [ 0.0045, -0.0483,  1.0000, -0.1064,  0.0017],
        [-0.0746, -0.0346, -0.1064,  1.0000, -0.0075],
        [-0.0167, -0.0792,  0.0017, -0.0075,  1.0000]])
target K
tensor([[ 1.0000,  0.0265, -0.0223, -0.0483,  0.0184],
        [ 0.0265,  1.0000, -0.0054,  0.0084, -0.0141],
        [-0.0223, -0.0054,  1.0000, -0.0699, -0.0077],
        [-0.0483,  0.0084, -0.0699,  1.0000, -0.0733],
        [ 0.0184, -0.0141, -0.0077, -0.0733,  1.0000]])
scales: 0.49 +- 0.07
dk: 0.051
K
tensor([[ 1.0000,  0.0657,  0.0029,  0.0424, -0.0623],
        [ 0.0657,  1.0000, -0.0365,  0.0767,  0.4844],
        [ 0.0029, -0.0365,  1.0000, -0.0388, -0.0244],
        [ 0.0424,  0.0767, -0.0388,  1.0000,  0.0074],
        [-0.0623,  0.4844, -0.0244,  0.0074,  1.0000]])
target K
tensor([[ 1.0000,  0.0306, -0.0327, -0.0088, -0.0746],
        [ 0.0306,  1.0000, -0.0451, -0.0118,  0.3698],
        [-0.0327, -0.0451,  1.0000, -0.0271, -0.0547],
        [-0.0088, -0.0118, -0.0271,  1.0000,  0.0657],
        [-0.0746,  0.3698, -0.0547,  0.0657,  1.0000]])
scales: 0.49 +- 0.07
dk: 0.051
Finished training, evaluating...
Final test acc: 88.660
