--------------------------------------------------------------------------------
model_class: vit_small_patch16_224.augreg_in1k
train_frac: 1
use_val: False
method: init
steps: 5000
eval_steps: 500
prec: 0
pretrained_models: none
init_model: vit_small_patch16_224.augreg_in1k
optimizer: adam
lr: 0.0001
wd: 0
learn_scales: False
prior_lr: 0.01
prior_freq: 1
prior_pretrain_steps: 0
ckpt_dir: None
seed: 0
use_wandb: False
run_name: None
no_augment: True
cache: False
batch_size: 128
dataset: cifar10
kwargs: {}
--------------------------------------------------------------------------------
Train transform:
Compose(
    Resize(size=248, interpolation=bicubic, max_size=None, antialias=warn)
    CenterCrop(size=(224, 224))
    MaybeToTensor()
    Normalize(mean=tensor([0.5000, 0.5000, 0.5000]), std=tensor([0.5000, 0.5000, 0.5000]))
)
Test transform:
Compose(
    Resize(size=248, interpolation=bicubic, max_size=None, antialias=warn)
    CenterCrop(size=(224, 224))
    MaybeToTensor()
    Normalize(mean=tensor([0.5000, 0.5000, 0.5000]), std=tensor([0.5000, 0.5000, 0.5000]))
)
Files already downloaded and verified
Files already downloaded and verified
Training set size: 50000
Validation set size: 0
Train transform:
Compose(
    Resize(size=248, interpolation=bicubic, max_size=None, antialias=warn)
    CenterCrop(size=(224, 224))
    MaybeToTensor()
    Normalize(mean=tensor([0.5000, 0.5000, 0.5000]), std=tensor([0.5000, 0.5000, 0.5000]))
)
Test transform:
Compose(
    Resize(size=248, interpolation=bicubic, max_size=None, antialias=warn)
    CenterCrop(size=(224, 224))
    MaybeToTensor()
    Normalize(mean=tensor([0.5000, 0.5000, 0.5000]), std=tensor([0.5000, 0.5000, 0.5000]))
)
Files already downloaded and verified
Files already downloaded and verified
Using dummy features
Feature dims: []
Feature dataset: torch.Size([50000, 1])
Using dummy features
Feature dims: []
Feature dataset: torch.Size([50000, 1])
Using dummy features
Feature dims: []
Feature dataset: torch.Size([10000, 1])
Init model: vit_small_patch16_224.augreg_in1k
Using timm pretrained model
Trainable parameters: 22M
Optimizer: adam
Not loading: ['classifier.weight', 'classifier.bias']
Finished training, evaluating...
Final test acc: 97.810
