--------------------------------------------------------------------------------
model_class: vit_small_patch16_224.augreg_in1k
train_frac: 1
use_val: False
method: aft
steps: 5000
eval_steps: 500
prec: 10
pretrained_models: vit_base_patch14_dinov2.lvd142m
init_model: vit_small_patch16_224.augreg_in1k
optimizer: adam
lr: 0.0001
wd: 0
learn_scales: True
prior_lr: 0.01
prior_freq: 1
prior_pretrain_steps: 0
ckpt_dir: None
seed: 0
use_wandb: False
run_name: None
no_augment: True
cache: False
batch_size: 128
dataset: pets
kwargs: {}
--------------------------------------------------------------------------------
Train transform:
Compose(
    Resize(size=248, interpolation=bicubic, max_size=None, antialias=warn)
    CenterCrop(size=(224, 224))
    MaybeToTensor()
    Normalize(mean=tensor([0.5000, 0.5000, 0.5000]), std=tensor([0.5000, 0.5000, 0.5000]))
)
Test transform:
Compose(
    Resize(size=248, interpolation=bicubic, max_size=None, antialias=warn)
    CenterCrop(size=(224, 224))
    MaybeToTensor()
    Normalize(mean=tensor([0.5000, 0.5000, 0.5000]), std=tensor([0.5000, 0.5000, 0.5000]))
)
Training set size: 3680
Validation set size: 0
Train transform:
Compose(
    Resize(size=248, interpolation=bicubic, max_size=None, antialias=warn)
    CenterCrop(size=(224, 224))
    MaybeToTensor()
    Normalize(mean=tensor([0.5000, 0.5000, 0.5000]), std=tensor([0.5000, 0.5000, 0.5000]))
)
Test transform:
Compose(
    Resize(size=248, interpolation=bicubic, max_size=None, antialias=warn)
    CenterCrop(size=(224, 224))
    MaybeToTensor()
    Normalize(mean=tensor([0.5000, 0.5000, 0.5000]), std=tensor([0.5000, 0.5000, 0.5000]))
)
Pretrained models: ['vit_base_patch14_dinov2.lvd142m']
Feature dims: [768]
Feature dataset: torch.Size([3680, 768])
Feature dims: [768]
Feature dataset: torch.Size([0, 768])
Feature dims: [768]
Feature dataset: torch.Size([3669, 768])
Init model: vit_small_patch16_224.augreg_in1k
Using timm pretrained model
KernelPrior: params / constraints = 0.00011
Trainable parameters: 22M
Optimizer: adam
Not loading: ['classifier.weight', 'classifier.bias']
K
tensor([[ 1.0000e+00, -6.1659e-02, -7.2761e-02, -6.3620e-02,  3.3386e-04],
        [-6.1659e-02,  1.0000e+00, -8.9966e-02, -3.8401e-02, -5.1555e-02],
        [-7.2761e-02, -8.9966e-02,  1.0000e+00, -5.1002e-02, -7.1284e-02],
        [-6.3620e-02, -3.8401e-02, -5.1002e-02,  1.0000e+00, -5.0177e-02],
        [ 3.3386e-04, -5.1555e-02, -7.1284e-02, -5.0177e-02,  1.0000e+00]])
target K
tensor([[ 1.0000e+00, -2.6480e-02, -9.7458e-02, -8.5780e-02,  5.6812e-04],
        [-2.6480e-02,  1.0000e+00, -7.7239e-02, -8.0926e-02, -5.9827e-02],
        [-9.7458e-02, -7.7239e-02,  1.0000e+00,  2.1786e-03, -2.2407e-02],
        [-8.5780e-02, -8.0926e-02,  2.1786e-03,  1.0000e+00, -5.0866e-02],
        [ 5.6812e-04, -5.9827e-02, -2.2407e-02, -5.0866e-02,  1.0000e+00]])
scales: 0.49 +- 0.10
dk: 0.036
K
tensor([[ 1.0000, -0.1072,  0.1799,  0.5252, -0.0944],
        [-0.1072,  1.0000,  0.0231,  0.0023, -0.0542],
        [ 0.1799,  0.0231,  1.0000,  0.3935, -0.1146],
        [ 0.5252,  0.0023,  0.3935,  1.0000, -0.1683],
        [-0.0944, -0.0542, -0.1146, -0.1683,  1.0000]])
target K
tensor([[ 1.0000, -0.1050,  0.1701,  0.5058, -0.1166],
        [-0.1050,  1.0000,  0.0298, -0.0012, -0.0571],
        [ 0.1701,  0.0298,  1.0000,  0.3138, -0.0952],
        [ 0.5058, -0.0012,  0.3138,  1.0000, -0.1706],
        [-0.1166, -0.0571, -0.0952, -0.1706,  1.0000]])
scales: 0.50 +- 0.10
dk: 0.028
K
tensor([[ 1.0000e+00,  1.1615e-01, -1.0700e-01,  5.2966e-04,  2.9205e-02],
        [ 1.1615e-01,  1.0000e+00, -3.7736e-02, -9.9688e-03, -3.6737e-03],
        [-1.0700e-01, -3.7736e-02,  1.0000e+00, -3.6382e-02,  6.8088e-03],
        [ 5.2966e-04, -9.9688e-03, -3.6382e-02,  1.0000e+00,  6.6321e-03],
        [ 2.9205e-02, -3.6737e-03,  6.8088e-03,  6.6321e-03,  1.0000e+00]])
target K
tensor([[ 1.0000,  0.1188, -0.1165, -0.0146,  0.0247],
        [ 0.1188,  1.0000, -0.0101, -0.0058, -0.0212],
        [-0.1165, -0.0101,  1.0000, -0.0364, -0.0138],
        [-0.0146, -0.0058, -0.0364,  1.0000,  0.0445],
        [ 0.0247, -0.0212, -0.0138,  0.0445,  1.0000]])
scales: 0.50 +- 0.10
dk: 0.024
K
tensor([[ 1.0000, -0.1168, -0.0606, -0.0772,  0.0224],
        [-0.1168,  1.0000, -0.0080,  0.2077,  0.1880],
        [-0.0606, -0.0080,  1.0000, -0.0521, -0.0202],
        [-0.0772,  0.2077, -0.0521,  1.0000,  0.0444],
        [ 0.0224,  0.1880, -0.0202,  0.0444,  1.0000]])
target K
tensor([[ 1.0000, -0.1262, -0.0421, -0.0819,  0.0071],
        [-0.1262,  1.0000, -0.0341,  0.1973,  0.2133],
        [-0.0421, -0.0341,  1.0000, -0.0634, -0.0466],
        [-0.0819,  0.1973, -0.0634,  1.0000,  0.0520],
        [ 0.0071,  0.2133, -0.0466,  0.0520,  1.0000]])
scales: 0.51 +- 0.10
dk: 0.019
K
tensor([[ 1.0000, -0.0668,  0.0541, -0.0908, -0.1404],
        [-0.0668,  1.0000,  0.0048,  0.2267, -0.0633],
        [ 0.0541,  0.0048,  1.0000,  0.3159, -0.0439],
        [-0.0908,  0.2267,  0.3159,  1.0000, -0.0058],
        [-0.1404, -0.0633, -0.0439, -0.0058,  1.0000]])
target K
tensor([[ 1.0000, -0.0510,  0.0416, -0.0745, -0.1151],
        [-0.0510,  1.0000, -0.0246,  0.2396, -0.0618],
        [ 0.0416, -0.0246,  1.0000,  0.3177, -0.0586],
        [-0.0745,  0.2396,  0.3177,  1.0000, -0.0428],
        [-0.1151, -0.0618, -0.0586, -0.0428,  1.0000]])
scales: 0.51 +- 0.10
dk: 0.018
K
tensor([[ 1.0000,  0.2487, -0.1681,  0.0444, -0.1051],
        [ 0.2487,  1.0000,  0.0945, -0.0589, -0.1816],
        [-0.1681,  0.0945,  1.0000, -0.0727, -0.0591],
        [ 0.0444, -0.0589, -0.0727,  1.0000, -0.1393],
        [-0.1051, -0.1816, -0.0591, -0.1393,  1.0000]])
target K
tensor([[ 1.0000,  0.2484, -0.1810,  0.0635, -0.1040],
        [ 0.2484,  1.0000,  0.0879, -0.0569, -0.1807],
        [-0.1810,  0.0879,  1.0000, -0.0629, -0.0567],
        [ 0.0635, -0.0569, -0.0629,  1.0000, -0.1352],
        [-0.1040, -0.1807, -0.0567, -0.1352,  1.0000]])
scales: 0.51 +- 0.10
dk: 0.015
K
tensor([[ 1.0000, -0.0763, -0.0305,  0.0246, -0.0344],
        [-0.0763,  1.0000, -0.0705, -0.0783, -0.0876],
        [-0.0305, -0.0705,  1.0000,  0.0346,  0.5323],
        [ 0.0246, -0.0783,  0.0346,  1.0000,  0.0097],
        [-0.0344, -0.0876,  0.5323,  0.0097,  1.0000]])
target K
tensor([[ 1.0000, -0.0843, -0.0347,  0.0248, -0.0383],
        [-0.0843,  1.0000, -0.0680, -0.0882, -0.0827],
        [-0.0347, -0.0680,  1.0000,  0.0332,  0.5346],
        [ 0.0248, -0.0882,  0.0332,  1.0000,  0.0113],
        [-0.0383, -0.0827,  0.5346,  0.0113,  1.0000]])
scales: 0.51 +- 0.10
dk: 0.009
K
tensor([[ 1.0000, -0.0144,  0.0305, -0.0266,  0.0013],
        [-0.0144,  1.0000, -0.0819, -0.0657,  0.0247],
        [ 0.0305, -0.0819,  1.0000, -0.0622,  0.0300],
        [-0.0266, -0.0657, -0.0622,  1.0000, -0.0997],
        [ 0.0013,  0.0247,  0.0300, -0.0997,  1.0000]])
target K
tensor([[ 1.0000, -0.0171,  0.0380, -0.0151,  0.0023],
        [-0.0171,  1.0000, -0.0807, -0.0628,  0.0200],
        [ 0.0380, -0.0807,  1.0000, -0.0624,  0.0305],
        [-0.0151, -0.0628, -0.0624,  1.0000, -0.0957],
        [ 0.0023,  0.0200,  0.0305, -0.0957,  1.0000]])
scales: 0.51 +- 0.10
dk: 0.005
K
tensor([[ 1.0000,  0.0583, -0.0520, -0.0954,  0.7383],
        [ 0.0583,  1.0000, -0.0699, -0.0761, -0.0043],
        [-0.0520, -0.0699,  1.0000, -0.0949, -0.0422],
        [-0.0954, -0.0761, -0.0949,  1.0000, -0.0720],
        [ 0.7383, -0.0043, -0.0422, -0.0720,  1.0000]])
target K
tensor([[ 1.0000,  0.0580, -0.0486, -0.0989,  0.7339],
        [ 0.0580,  1.0000, -0.0740, -0.0736, -0.0037],
        [-0.0486, -0.0740,  1.0000, -0.0967, -0.0388],
        [-0.0989, -0.0736, -0.0967,  1.0000, -0.0639],
        [ 0.7339, -0.0037, -0.0388, -0.0639,  1.0000]])
scales: 0.51 +- 0.10
dk: 0.003
Finished training, evaluating...
Final test acc: 92.178
