--------------------------------------------------------------------------------
model_class: vit_small_patch16_224.augreg_in1k
train_frac: 1
use_val: False
method: aft
steps: 5000
eval_steps: 500
prec: 10
pretrained_models: vit_base_patch14_dinov2.lvd142m
init_model: vit_small_patch16_224.augreg_in1k
optimizer: adam
lr: 0.0001
wd: 0
learn_scales: True
prior_lr: 0.01
prior_freq: 1
prior_pretrain_steps: 0
ckpt_dir: None
seed: 0
use_wandb: False
run_name: None
no_augment: True
cache: False
batch_size: 128
dataset: cifar10
kwargs: {}
--------------------------------------------------------------------------------
Train transform:
Compose(
    Resize(size=248, interpolation=bicubic, max_size=None, antialias=warn)
    CenterCrop(size=(224, 224))
    MaybeToTensor()
    Normalize(mean=tensor([0.5000, 0.5000, 0.5000]), std=tensor([0.5000, 0.5000, 0.5000]))
)
Test transform:
Compose(
    Resize(size=248, interpolation=bicubic, max_size=None, antialias=warn)
    CenterCrop(size=(224, 224))
    MaybeToTensor()
    Normalize(mean=tensor([0.5000, 0.5000, 0.5000]), std=tensor([0.5000, 0.5000, 0.5000]))
)
Files already downloaded and verified
Files already downloaded and verified
Training set size: 50000
Validation set size: 0
Train transform:
Compose(
    Resize(size=248, interpolation=bicubic, max_size=None, antialias=warn)
    CenterCrop(size=(224, 224))
    MaybeToTensor()
    Normalize(mean=tensor([0.5000, 0.5000, 0.5000]), std=tensor([0.5000, 0.5000, 0.5000]))
)
Test transform:
Compose(
    Resize(size=248, interpolation=bicubic, max_size=None, antialias=warn)
    CenterCrop(size=(224, 224))
    MaybeToTensor()
    Normalize(mean=tensor([0.5000, 0.5000, 0.5000]), std=tensor([0.5000, 0.5000, 0.5000]))
)
Files already downloaded and verified
Files already downloaded and verified
Pretrained models: ['vit_base_patch14_dinov2.lvd142m']
Feature dims: [768]
Feature dataset: torch.Size([50000, 768])
Feature dims: [768]
Feature dataset: torch.Size([0, 768])
Feature dims: [768]
Feature dataset: torch.Size([10000, 768])
Init model: vit_small_patch16_224.augreg_in1k
Using timm pretrained model
KernelPrior: params / constraints = 6.1e-07
Trainable parameters: 22M
Optimizer: adam
Not loading: ['classifier.weight', 'classifier.bias']
K
tensor([[ 1.0000, -0.0682, -0.0627,  0.1687, -0.0814],
        [-0.0682,  1.0000, -0.0286,  0.0098, -0.0361],
        [-0.0627, -0.0286,  1.0000, -0.0245,  0.0041],
        [ 0.1687,  0.0098, -0.0245,  1.0000, -0.0109],
        [-0.0814, -0.0361,  0.0041, -0.0109,  1.0000]])
target K
tensor([[ 1.0000,  0.0270, -0.0802,  0.1536,  0.0235],
        [ 0.0270,  1.0000, -0.1377, -0.0737, -0.0075],
        [-0.0802, -0.1377,  1.0000, -0.0083,  0.0264],
        [ 0.1536, -0.0737, -0.0083,  1.0000,  0.0399],
        [ 0.0235, -0.0075,  0.0264,  0.0399,  1.0000]])
scales: 0.48 +- 0.09
dk: 0.066
K
tensor([[ 1.0000,  0.0147, -0.0227, -0.0702, -0.0453],
        [ 0.0147,  1.0000,  0.1731, -0.0154,  0.0686],
        [-0.0227,  0.1731,  1.0000, -0.0705,  0.0331],
        [-0.0702, -0.0154, -0.0705,  1.0000,  0.1640],
        [-0.0453,  0.0686,  0.0331,  0.1640,  1.0000]])
target K
tensor([[ 1.0000, -0.0359,  0.0125, -0.0302, -0.0605],
        [-0.0359,  1.0000,  0.0525, -0.0148,  0.0220],
        [ 0.0125,  0.0525,  1.0000, -0.0635, -0.0381],
        [-0.0302, -0.0148, -0.0635,  1.0000,  0.1271],
        [-0.0605,  0.0220, -0.0381,  0.1271,  1.0000]])
scales: 0.48 +- 0.08
dk: 0.060
K
tensor([[ 1.0000, -0.1703, -0.1163, -0.0307,  0.1338],
        [-0.1703,  1.0000,  0.2426, -0.0678, -0.0740],
        [-0.1163,  0.2426,  1.0000, -0.0962, -0.1169],
        [-0.0307, -0.0678, -0.0962,  1.0000,  0.1875],
        [ 0.1338, -0.0740, -0.1169,  0.1875,  1.0000]])
target K
tensor([[ 1.0000, -0.0992, -0.1063, -0.0098,  0.0652],
        [-0.0992,  1.0000,  0.2867, -0.0796, -0.0696],
        [-0.1063,  0.2867,  1.0000, -0.1320, -0.0743],
        [-0.0098, -0.0796, -0.1320,  1.0000,  0.1714],
        [ 0.0652, -0.0696, -0.0743,  0.1714,  1.0000]])
scales: 0.47 +- 0.08
dk: 0.058
K
tensor([[ 1.0000e+00, -1.7153e-02,  2.0553e-01, -1.0574e-01,  3.4809e-02],
        [-1.7153e-02,  1.0000e+00, -7.3912e-02, -1.4764e-02, -3.0137e-02],
        [ 2.0553e-01, -7.3912e-02,  1.0000e+00,  7.8359e-04,  1.3007e-01],
        [-1.0574e-01, -1.4764e-02,  7.8359e-04,  1.0000e+00,  5.4608e-02],
        [ 3.4809e-02, -3.0137e-02,  1.3007e-01,  5.4608e-02,  1.0000e+00]])
target K
tensor([[ 1.0000, -0.0577, -0.0068, -0.0776,  0.0274],
        [-0.0577,  1.0000, -0.1060,  0.0279,  0.0159],
        [-0.0068, -0.1060,  1.0000, -0.0429,  0.0936],
        [-0.0776,  0.0279, -0.0429,  1.0000, -0.0354],
        [ 0.0274,  0.0159,  0.0936, -0.0354,  1.0000]])
scales: 0.47 +- 0.08
dk: 0.052
K
tensor([[ 1.0000, -0.0260, -0.0898, -0.0088, -0.0601],
        [-0.0260,  1.0000,  0.0667, -0.1176,  0.0135],
        [-0.0898,  0.0667,  1.0000, -0.0843, -0.0452],
        [-0.0088, -0.1176, -0.0843,  1.0000,  0.0395],
        [-0.0601,  0.0135, -0.0452,  0.0395,  1.0000]])
target K
tensor([[ 1.0000,  0.0149, -0.0808,  0.0126, -0.0298],
        [ 0.0149,  1.0000,  0.0473, -0.0694, -0.0332],
        [-0.0808,  0.0473,  1.0000, -0.0657, -0.0451],
        [ 0.0126, -0.0694, -0.0657,  1.0000, -0.0295],
        [-0.0298, -0.0332, -0.0451, -0.0295,  1.0000]])
scales: 0.47 +- 0.08
dk: 0.052
K
tensor([[ 1.0000, -0.0250,  0.3540, -0.0094, -0.0901],
        [-0.0250,  1.0000,  0.0402,  0.0632,  0.0544],
        [ 0.3540,  0.0402,  1.0000,  0.0302, -0.0464],
        [-0.0094,  0.0632,  0.0302,  1.0000, -0.0274],
        [-0.0901,  0.0544, -0.0464, -0.0274,  1.0000]])
target K
tensor([[ 1.0000, -0.0109,  0.3677,  0.0162, -0.0664],
        [-0.0109,  1.0000, -0.0075,  0.2526, -0.0614],
        [ 0.3677, -0.0075,  1.0000, -0.0207, -0.0531],
        [ 0.0162,  0.2526, -0.0207,  1.0000, -0.0763],
        [-0.0664, -0.0614, -0.0531, -0.0763,  1.0000]])
scales: 0.47 +- 0.08
dk: 0.049
K
tensor([[ 1.0000, -0.0710,  0.5042, -0.0636,  0.0502],
        [-0.0710,  1.0000, -0.0530, -0.0309, -0.0058],
        [ 0.5042, -0.0530,  1.0000, -0.0400,  0.0803],
        [-0.0636, -0.0309, -0.0400,  1.0000, -0.1232],
        [ 0.0502, -0.0058,  0.0803, -0.1232,  1.0000]])
target K
tensor([[ 1.0000e+00, -1.5279e-04,  5.2936e-01, -2.7713e-03, -2.0055e-02],
        [-1.5279e-04,  1.0000e+00, -2.5543e-02,  5.9213e-02,  5.1257e-03],
        [ 5.2936e-01, -2.5543e-02,  1.0000e+00, -5.8715e-02,  7.1294e-02],
        [-2.7713e-03,  5.9213e-02, -5.8715e-02,  1.0000e+00, -4.0881e-02],
        [-2.0055e-02,  5.1257e-03,  7.1294e-02, -4.0881e-02,  1.0000e+00]])
scales: 0.47 +- 0.08
dk: 0.047
K
tensor([[ 1.0000, -0.0306,  0.0397, -0.0534,  0.1371],
        [-0.0306,  1.0000, -0.0264,  0.1139,  0.0025],
        [ 0.0397, -0.0264,  1.0000,  0.0183,  0.0138],
        [-0.0534,  0.1139,  0.0183,  1.0000, -0.0499],
        [ 0.1371,  0.0025,  0.0138, -0.0499,  1.0000]])
target K
tensor([[ 1.0000,  0.0680, -0.0038, -0.0387,  0.0932],
        [ 0.0680,  1.0000, -0.0126,  0.1302,  0.0370],
        [-0.0038, -0.0126,  1.0000, -0.0236,  0.0011],
        [-0.0387,  0.1302, -0.0236,  1.0000, -0.0901],
        [ 0.0932,  0.0370,  0.0011, -0.0901,  1.0000]])
scales: 0.47 +- 0.08
dk: 0.045
K
tensor([[ 1.0000, -0.0748, -0.0301, -0.0435, -0.1473],
        [-0.0748,  1.0000, -0.0280,  0.0157, -0.0104],
        [-0.0301, -0.0280,  1.0000, -0.0277, -0.1151],
        [-0.0435,  0.0157, -0.0277,  1.0000, -0.0443],
        [-0.1473, -0.0104, -0.1151, -0.0443,  1.0000]])
target K
tensor([[ 1.0000, -0.0450, -0.0104, -0.0499, -0.0985],
        [-0.0450,  1.0000, -0.0087, -0.0418, -0.0449],
        [-0.0104, -0.0087,  1.0000, -0.0487, -0.0847],
        [-0.0499, -0.0418, -0.0487,  1.0000, -0.0418],
        [-0.0985, -0.0449, -0.0847, -0.0418,  1.0000]])
scales: 0.47 +- 0.08
dk: 0.045
K
tensor([[ 1.0000, -0.0643,  0.0635,  0.0569,  0.0391],
        [-0.0643,  1.0000, -0.0318, -0.0178,  0.3366],
        [ 0.0635, -0.0318,  1.0000,  0.0064, -0.0953],
        [ 0.0569, -0.0178,  0.0064,  1.0000, -0.0819],
        [ 0.0391,  0.3366, -0.0953, -0.0819,  1.0000]])
target K
tensor([[ 1.0000, -0.0378,  0.1113,  0.0792,  0.0198],
        [-0.0378,  1.0000, -0.0125, -0.0203,  0.2841],
        [ 0.1113, -0.0125,  1.0000,  0.0688, -0.0445],
        [ 0.0792, -0.0203,  0.0688,  1.0000, -0.0323],
        [ 0.0198,  0.2841, -0.0445, -0.0323,  1.0000]])
scales: 0.47 +- 0.08
dk: 0.046
Finished training, evaluating...
Final test acc: 98.280
